Archive member included to satisfy reference by file (symbol)

app/libapp.a(main.c.obj)      (--whole-archive)
app/libapp.a(vibSens.c.obj)   (--whole-archive)
zephyr/libzephyr.a(heap.c.obj)
                              (--whole-archive)
zephyr/libzephyr.a(cbprintf_packaged.c.obj)
                              (--whole-archive)
zephyr/libzephyr.a(printk.c.obj)
                              (--whole-archive)
zephyr/libzephyr.a(sem.c.obj)
                              (--whole-archive)
zephyr/libzephyr.a(thread_entry.c.obj)
                              (--whole-archive)
zephyr/libzephyr.a(cbprintf_complete.c.obj)
                              (--whole-archive)
zephyr/libzephyr.a(assert.c.obj)
                              (--whole-archive)
zephyr/libzephyr.a(reboot.c.obj)
                              (--whole-archive)
zephyr/libzephyr.a(dec.c.obj)
                              (--whole-archive)
zephyr/libzephyr.a(hex.c.obj)
                              (--whole-archive)
zephyr/libzephyr.a(rb.c.obj)  (--whole-archive)
zephyr/libzephyr.a(timeutil.c.obj)
                              (--whole-archive)
zephyr/libzephyr.a(bitarray.c.obj)
                              (--whole-archive)
zephyr/libzephyr.a(onoff.c.obj)
                              (--whole-archive)
zephyr/libzephyr.a(notify.c.obj)
                              (--whole-archive)
zephyr/libzephyr.a(configs.c.obj)
                              (--whole-archive)
zephyr/libzephyr.a(log_minimal.c.obj)
                              (--whole-archive)
zephyr/libzephyr.a(mem_attr.c.obj)
                              (--whole-archive)
zephyr/libzephyr.a(tracing_none.c.obj)
                              (--whole-archive)
zephyr/libzephyr.a(addr_utils.c.obj)
                              (--whole-archive)
zephyr/libzephyr.a(banner.c.obj)
                              (--whole-archive)
zephyr/libzephyr.a(nsms.c.obj)
                              (--whole-archive)
zephyr/libzephyr.a(host_extensions.c.obj)
                              (--whole-archive)
zephyr/libzephyr.a(utils.c.obj)
                              (--whole-archive)
zephyr/libzephyr.a(aes_decrypt.c.obj)
                              (--whole-archive)
zephyr/libzephyr.a(aes_encrypt.c.obj)
                              (--whole-archive)
zephyr/libzephyr.a(cmac_mode.c.obj)
                              (--whole-archive)
zephyr/arch/common/libarch__common.a(sw_isr_common.c.obj)
                              (--whole-archive)
zephyr/arch/arch/arm/core/libarch__arm__core.a(fatal.c.obj)
                              (--whole-archive)
zephyr/arch/arch/arm/core/libarch__arm__core.a(nmi.c.obj)
                              (--whole-archive)
zephyr/arch/arch/arm/core/libarch__arm__core.a(nmi_on_reset.S.obj)
                              (--whole-archive)
zephyr/arch/arch/arm/core/libarch__arm__core.a(tls.c.obj)
                              (--whole-archive)
zephyr/arch/arch/arm/core/cortex_m/libarch__arm__core__cortex_m.a(exc_exit.c.obj)
                              (--whole-archive)
zephyr/arch/arch/arm/core/cortex_m/libarch__arm__core__cortex_m.a(fault.c.obj)
                              (--whole-archive)
zephyr/arch/arch/arm/core/cortex_m/libarch__arm__core__cortex_m.a(fault_s.S.obj)
                              (--whole-archive)
zephyr/arch/arch/arm/core/cortex_m/libarch__arm__core__cortex_m.a(fpu.c.obj)
                              (--whole-archive)
zephyr/arch/arch/arm/core/cortex_m/libarch__arm__core__cortex_m.a(reset.S.obj)
                              (--whole-archive)
zephyr/arch/arch/arm/core/cortex_m/libarch__arm__core__cortex_m.a(scb.c.obj)
                              (--whole-archive)
zephyr/arch/arch/arm/core/cortex_m/libarch__arm__core__cortex_m.a(thread_abort.c.obj)
                              (--whole-archive)
zephyr/arch/arch/arm/core/cortex_m/libarch__arm__core__cortex_m.a(vector_table.S.obj)
                              (--whole-archive)
zephyr/arch/arch/arm/core/cortex_m/libarch__arm__core__cortex_m.a(swap.c.obj)
                              (--whole-archive)
zephyr/arch/arch/arm/core/cortex_m/libarch__arm__core__cortex_m.a(swap_helper.S.obj)
                              (--whole-archive)
zephyr/arch/arch/arm/core/cortex_m/libarch__arm__core__cortex_m.a(irq_manage.c.obj)
                              (--whole-archive)
zephyr/arch/arch/arm/core/cortex_m/libarch__arm__core__cortex_m.a(prep_c.c.obj)
                              (--whole-archive)
zephyr/arch/arch/arm/core/cortex_m/libarch__arm__core__cortex_m.a(thread.c.obj)
                              (--whole-archive)
zephyr/arch/arch/arm/core/cortex_m/libarch__arm__core__cortex_m.a(cpu_idle.c.obj)
                              (--whole-archive)
zephyr/arch/arch/arm/core/cortex_m/libarch__arm__core__cortex_m.a(irq_init.c.obj)
                              (--whole-archive)
zephyr/arch/arch/arm/core/cortex_m/libarch__arm__core__cortex_m.a(isr_wrapper.c.obj)
                              (--whole-archive)
[...]
Memory Configuration

Name             Origin             Length             Attributes
FLASH            0x0000000000000000 0x0000000000080000 xr
RAM              0x0000000020000000 0x0000000000010000 xw
IDT_LIST         0x00000000ffff7fff 0x0000000000008000 xw
*default*        0x0000000000000000 0xffffffffffffffff

Linker script and memory map

                0x0000000000017728                vfprintf = __l_vfprintf
                0x0000000000000000                vfscanf = __l_vfscanf
LOAD zephyr/CMakeFiles/zephyr_pre0.dir/misc/empty_file.c.obj
LOAD zephyr/CMakeFiles/offsets.dir/./arch/arm/core/offsets/offsets.c.obj
LOAD app/libapp.a
LOAD zephyr/libzephyr.a
LOAD zephyr/arch/common/libarch__common.a
LOAD zephyr/arch/arch/arm/core/libarch__arm__core.a
LOAD zephyr/arch/arch/arm/core/cortex_m/libarch__arm__core__cortex_m.a
LOAD zephyr/arch/arch/arm/core/mpu/libarch__arm__core__mpu.a
LOAD zephyr/lib/libc/picolibc/liblib__libc__picolibc.a
LOAD zephyr/lib/libc/common/liblib__libc__common.a
LOAD zephyr/soc/soc/nrf52832/libsoc__nordic.a
LOAD zephyr/subsys/random/libsubsys__random.a
LOAD zephyr/subsys/bluetooth/common/libsubsys__bluetooth__common.a
LOAD zephyr/subsys/bluetooth/host/libsubsys__bluetooth__host.a
LOAD zephyr/subsys/bluetooth/controller/libsubsys__bluetooth__controller.a
LOAD zephyr/subsys/bluetooth/controller/ll_sw/nordic/libsubsys__bluetooth__controller__ll_sw__nordic.a
LOAD zephyr/subsys/net/libsubsys__net.a
LOAD zephyr/drivers/clock_control/libdrivers__clock_control.a
LOAD zephyr/drivers/console/libdrivers__console.a
LOAD zephyr/drivers/entropy/libdrivers__entropy.a
LOAD zephyr/drivers/gpio/libdrivers__gpio.a
LOAD zephyr/drivers/pinctrl/libdrivers__pinctrl.a
LOAD zephyr/drivers/serial/libdrivers__serial.a
LOAD zephyr/drivers/timer/libdrivers__timer.a
LOAD modules/nrf/lib/dk_buttons_and_leds/lib..__nrf__lib__dk_buttons_and_leds.a
LOAD modules/nrf/lib/fatal_error/lib..__nrf__lib__fatal_error.a
LOAD modules/hal_nordic/nrfx/libmodules__hal_nordic__nrfx.a
LOAD modules/segger/libmodules__segger.a
LOAD zephyr/kernel/libkernel.a
LOAD c:/ncs/toolchains/ce3b5ff664/opt/zephyr-sdk/arm-zephyr-eabi/bin/../lib/gcc/arm-zephyr-eabi/12.2.0/thumb/v7e-m/nofp\libgcc.a
LOAD zephyr/arch/common/libisr_tables.a
LOAD c:\ncs\toolchains\ce3b5ff664\opt\zephyr-sdk\arm-zephyr-eabi\bin\../lib/gcc/../../picolibc/arm-zephyr-eabi/lib/thumb/v7e-m/nofp\libc.a
LOAD c:/ncs/toolchains/ce3b5ff664/opt/zephyr-sdk/arm-zephyr-eabi/bin/../lib/gcc/arm-zephyr-eabi/12.2.0/thumb/v7e-m/nofp\libgcc.a
                0x0000000000000020                _region_min_align = 0x20

.rel.plt        0x0000000000000000        0x0
 *(SORT_BY_ALIGNMENT(.rel.plt))
                [!provide]                        PROVIDE (__rel_iplt_start = .)
 *(SORT_BY_ALIGNMENT(.rel.iplt))
 .rel.iplt      0x0000000000000000        0x0 app/libapp.a(main.c.obj)
                [!provide]                        PROVIDE (__rel_iplt_end = .)

.rela.plt       0x0000000000000000        0x0
 *(SORT_BY_ALIGNMENT(.rela.plt))
                [!provide]                        PROVIDE (__rela_iplt_start = .)
 *(SORT_BY_ALIGNMENT(.rela.iplt))
                [!provide]                        PROVIDE (__rela_iplt_end = .)

.rel.dyn
 *(SORT_BY_ALIGNMENT(.rel.*))

.rela.dyn
 *(SORT_BY_ALIGNMENT(.rela.*))

/DISCARD/
 *(SORT_BY_ALIGNMENT(.plt))

/DISCARD/
 *(SORT_BY_ALIGNMENT(.iplt))
                0x0000000000000000                __rom_region_start = 0x0

rom_start       0x0000000000000000       0xdc
                0x0000000000000000                __rom_start_address = .
 FILL mask 0x00
                0x0000000000000000                . = (. + (0x0 - (. - __rom_start_address)))
                0x0000000000000000                . = ALIGN (0x4)
                0x0000000000000000                . = ALIGN (0x80)
                0x0000000000000000                . = ALIGN (0x100)
                0x0000000000000000                _vector_start = .
 *(SORT_BY_ALIGNMENT(.exc_vector_table))
 *(SORT_BY_ALIGNMENT(.exc_vector_table.*))
 .exc_vector_table._vector_table_section
                0x0000000000000000       0x40 zephyr/arch/arch/arm/core/cortex_m/libarch__arm__core__cortex_m.a(vector_table.S.obj)
                0x0000000000000000                _vector_table
 *(SORT_BY_ALIGNMENT(.vectors))
                0x00000000000000dc                _vector_end = .
                0x0000000000000040                . = ALIGN (0x4)
 *(SORT_BY_ALIGNMENT(.gnu.linkonce.irq_vector_table*))
 .gnu.linkonce.irq_vector_table
                0x0000000000000040       0x9c zephyr/arch/common/libisr_tables.a(isr_tables.c.obj)
                0x0000000000000040                _irq_vector_table
                0x00000000000000dc                _vector_end = .

text            0x00000000000000e0    0x1cafc
                0x00000000000000e0                __text_region_start = .
 *(SORT_BY_ALIGNMENT(.text))
 .text          0x00000000000000e0       0x30 c:/ncs/toolchains/ce3b5ff664/opt/zephyr-sdk/arm-zephyr-eabi/bin/../lib/gcc/arm-zephyr-eabi/12.2.0/thumb/v7e-m/nofp\libgcc.a(_aeabi_uldivmod.o)
                0x00000000000000e0                __aeabi_uldivmod
 .text          0x0000000000000110        0x4 c:/ncs/toolchains/ce3b5ff664/opt/zephyr-sdk/arm-zephyr-eabi/bin/../lib/gcc/arm-zephyr-eabi/12.2.0/thumb/v7e-m/nofp\libgcc.a(_dvmd_tls.o)
                0x0000000000000110                __aeabi_idiv0
                0x0000000000000110                __aeabi_ldiv0
 .text          0x0000000000000114      0x2a0 c:/ncs/toolchains/ce3b5ff664/opt/zephyr-sdk/arm-zephyr-eabi/bin/../lib/gcc/arm-zephyr-eabi/12.2.0/thumb/v7e-m/nofp\libgcc.a(_udivmoddi4.o)
                0x0000000000000114                __udivmoddi4
 .text          0x00000000000003b4       0x10 c:\ncs\toolchains\ce3b5ff664\opt\zephyr-sdk\arm-zephyr-eabi\bin\../lib/gcc/../../picolibc/arm-zephyr-eabi/lib/thumb/v7e-m/nofp\libc.a(strcpy.S.o)
                0x00000000000003b4                strcpy
 .text          0x00000000000003c4       0x10 c:\ncs\toolchains\ce3b5ff664\opt\zephyr-sdk\arm-zephyr-eabi\bin\../lib/gcc/../../picolibc/arm-zephyr-eabi/lib/thumb/v7e-m/nofp\libc.a(strlen.S.o)
                0x00000000000003c4                strlen
 *(SORT_BY_ALIGNMENT(.text.*))
 *fill*         0x00000000000003d4        0x4 
 .text.ull_drift_ticks_get
                0x00000000000003d8       0x7c zephyr/subsys/bluetooth/controller/libsubsys__bluetooth__controller.a(ull.c.obj)
                0x00000000000003d8                ull_drift_ticks_get
 *fill*         0x0000000000000454        0x4 
 .text.ll_adv_enable
                0x0000000000000458      0x320 zephyr/subsys/bluetooth/controller/libsubsys__bluetooth__controller.a(ull_adv.c.obj)
                0x0000000000000458                ll_adv_enable
 .text.ull_adv_time_update
                0x0000000000000778       0xb0 zephyr/subsys/bluetooth/controller/libsubsys__bluetooth__controller.a(ull_adv.c.obj)
                0x0000000000000778                ull_adv_time_update
 .text.ull_conn_update_ticker.constprop.0
                0x0000000000000828      0x124 zephyr/subsys/bluetooth/controller/libsubsys__bluetooth__controller.a(ull_conn.c.obj)
 *fill*         0x000000000000094c        0x4 
 .text.ull_conn_done
                0x0000000000000950      0x324 zephyr/subsys/bluetooth/controller/libsubsys__bluetooth__controller.a(ull_conn.c.obj)
                0x0000000000000950                ull_conn_done
 *fill*         0x0000000000000c74        0x4 
 .text.ull_conn_update_parameters
                0x0000000000000c78      0x1e4 zephyr/subsys/bluetooth/controller/libsubsys__bluetooth__controller.a(ull_conn.c.obj)
                0x0000000000000c78                ull_conn_update_parameters
 *fill*         0x0000000000000e5c        0x4 
 .text.ull_periph_setup
                0x0000000000000e60      0x3cc zephyr/subsys/bluetooth/controller/libsubsys__bluetooth__controller.a(ull_peripheral.c.obj)
                0x0000000000000e60                ull_periph_setup
 .text.cb_timer_app_100ms
                0x000000000000122c        0xc app/libapp.a(vibSens.c.obj)
                0x000000000000122c                cb_timer_app_100ms
 .text.cb_timer_app_1sec
                0x0000000000001238       0x2c app/libapp.a(vibSens.c.obj)
                0x0000000000001238                cb_timer_app_1sec
 .text.button_changed
                0x0000000000001264       0x48 app/libapp.a(vibSens.c.obj)
 .text.get_public_mac_address
                0x00000000000012ac       0x4c app/libapp.a(vibSens.c.obj)
                0x00000000000012ac                get_public_mac_address
 .text.board_init
                0x00000000000012f8       0x48 app/libapp.a(vibSens.c.obj)
                0x00000000000012f8                board_init
 .text.radio_init
                0x0000000000001340       0x2c app/libapp.a(vibSens.c.obj)
                0x0000000000001340                radio_init
 .text.start_advertise
                0x000000000000136c       0x68 app/libapp.a(vibSens.c.obj)
                0x000000000000136c                start_advertise
 .text.handle_advertise
                0x00000000000013d4       0x44 app/libapp.a(vibSens.c.obj)
                0x00000000000013d4                handle_advertise
 .text.init_timers
                0x0000000000001418       0x1c app/libapp.a(vibSens.c.obj)
                0x0000000000001418                init_timers
 .text.sys_heap_free
                0x0000000000001434       0x64 zephyr/libzephyr.a(heap.c.obj)
                0x0000000000001434                sys_heap_free
 .text.sys_heap_aligned_alloc
                0x0000000000001498       0xf8 zephyr/libzephyr.a(heap.c.obj)
                0x0000000000001498                sys_heap_aligned_alloc
 .text.sys_heap_init
                0x0000000000001590       0xe4 zephyr/libzephyr.a(heap.c.obj)
                0x0000000000001590                sys_heap_init
 .text.char_out
                0x0000000000001674        0xc zephyr/libzephyr.a(printk.c.obj)
 .text.vprintk  0x0000000000001680       0x30 zephyr/libzephyr.a(printk.c.obj)
                0x0000000000001680                vprintk
 .text.__printk_hook_install
                0x00000000000016b0        0xc zephyr/libzephyr.a(printk.c.obj)
                0x00000000000016b0                __printk_hook_install
 .text.z_thread_entry
                0x00000000000016bc       0x34 zephyr/libzephyr.a(thread_entry.c.obj)
                0x00000000000016bc                z_thread_entry
 .text.process_event
                0x00000000000016f0      0x338 zephyr/libzephyr.a(onoff.c.obj)
 .text.transition_complete
                0x0000000000001a28       0x50 zephyr/libzephyr.a(onoff.c.obj)
 .text.onoff_request
                0x0000000000001a78      0x108 zephyr/libzephyr.a(onoff.c.obj)
                0x0000000000001a78                onoff_request
 .text.onoff_release
                0x0000000000001b80       0xac zephyr/libzephyr.a(onoff.c.obj)
                0x0000000000001b80                onoff_release
 .text.sys_notify_finalize
                0x0000000000001c2c       0x54 zephyr/libzephyr.a(notify.c.obj)
                0x0000000000001c2c                sys_notify_finalize
 .text.mem_attr_get_regions
                0x0000000000001c80        0xc zephyr/libzephyr.a(mem_attr.c.obj)
                0x0000000000001c80                mem_attr_get_regions
 .text.boot_banner
                0x0000000000001c8c       0x24 zephyr/libzephyr.a(banner.c.obj)
                0x0000000000001c8c                boot_banner
 .text.bt_nsms_status_read
                0x0000000000001cb0       0x80 zephyr/libzephyr.a(nsms.c.obj)
                0x0000000000001cb0                bt_nsms_status_read
 .text.bt_nsms_set_status
                0x0000000000001d30       0x9c zephyr/libzephyr.a(nsms.c.obj)
                0x0000000000001d30                bt_nsms_set_status
 .text.sub_bytes
                0x0000000000001dcc       0x18 zephyr/libzephyr.a(aes_encrypt.c.obj)
 .text.tc_aes128_set_encrypt_key
                0x0000000000001de4       0xa4 zephyr/libzephyr.a(aes_encrypt.c.obj)
                0x0000000000001de4                tc_aes128_set_encrypt_key
 .text.z_arm_fatal_error
                0x0000000000001e88       0x70 zephyr/arch/arch/arm/core/libarch__arm__core.a(fatal.c.obj)
                0x0000000000001e88                z_arm_fatal_error
 .text.z_SysNmiOnReset
                0x0000000000001ef8        0x8 zephyr/arch/arch/arm/core/libarch__arm__core.a(nmi_on_reset.S.obj)
                0x0000000000001ef8                z_SysNmiOnReset
 .text.arch_tls_stack_setup
                0x0000000000001f00       0x40 zephyr/arch/arch/arm/core/libarch__arm__core.a(tls.c.obj)
                0x0000000000001f00                arch_tls_stack_setup
 .text._HandlerModeExit
                0x0000000000001f40       0x28 zephyr/arch/arch/arm/core/cortex_m/libarch__arm__core__cortex_m.a(exc_exit.c.obj)
                0x0000000000001f40                z_arm_int_exit
                0x0000000000001f40                z_arm_exc_exit
 .text.mem_manage_fault
                0x0000000000001f68      0x124 zephyr/arch/arch/arm/core/cortex_m/libarch__arm__core__cortex_m.a(fault.c.obj)
 .text.usage_fault.constprop.0
                0x000000000000208c       0xa4 zephyr/arch/arch/arm/core/cortex_m/libarch__arm__core__cortex_m.a(fault.c.obj)
 .text.bus_fault.constprop.0
                0x0000000000002130       0xc8 zephyr/arch/arch/arm/core/cortex_m/libarch__arm__core__cortex_m.a(fault.c.obj)
 .text.z_arm_fault
                0x00000000000021f8      0x1ec zephyr/arch/arch/arm/core/cortex_m/libarch__arm__core__cortex_m.a(fault.c.obj)
                0x00000000000021f8                z_arm_fault
 .text.z_arm_fault_init
                0x00000000000023e4       0x10 zephyr/arch/arch/arm/core/cortex_m/libarch__arm__core__cortex_m.a(fault.c.obj)
                0x00000000000023e4                z_arm_fault_init
 .text.__fault  0x00000000000023f4       0x14 zephyr/arch/arch/arm/core/cortex_m/libarch__arm__core__cortex_m.a(fault_s.S.obj)
                0x00000000000023f4                z_arm_usage_fault
                0x00000000000023f4                z_arm_mpu_fault
                0x00000000000023f4                z_arm_exc_spurious
                0x00000000000023f4                z_arm_debug_monitor
                0x00000000000023f4                z_arm_hard_fault
                0x00000000000023f4                z_arm_bus_fault
 .text._reset_section
                0x0000000000002408       0x54 zephyr/arch/arch/arm/core/cortex_m/libarch__arm__core__cortex_m.a(reset.S.obj)
                0x0000000000002408                __start
                0x0000000000002408                z_arm_reset
 .text.sys_arch_reboot
                0x000000000000245c       0x24 zephyr/arch/arch/arm/core/cortex_m/libarch__arm__core__cortex_m.a(scb.c.obj)
                0x000000000000245c                sys_arch_reboot
 .text.z_arm_clear_arm_mpu_config
                0x0000000000002480       0x24 zephyr/arch/arch/arm/core/cortex_m/libarch__arm__core__cortex_m.a(scb.c.obj)
                0x0000000000002480                z_arm_clear_arm_mpu_config
 .text.z_arm_init_arch_hw_at_boot
                0x00000000000024a4       0x64 zephyr/arch/arch/arm/core/cortex_m/libarch__arm__core__cortex_m.a(scb.c.obj)
                0x00000000000024a4                z_arm_init_arch_hw_at_boot
 .text.z_impl_k_thread_abort
                0x0000000000002508       0x2c zephyr/arch/arch/arm/core/cortex_m/libarch__arm__core__cortex_m.a(thread_abort.c.obj)
                0x0000000000002508                z_impl_k_thread_abort
 .text.arch_swap
                0x0000000000002534       0x30 zephyr/arch/arch/arm/core/cortex_m/libarch__arm__core__cortex_m.a(swap.c.obj)
                0x0000000000002534                arch_swap
 .text.z_arm_pendsv_c
                0x0000000000002564       0x48 zephyr/arch/arch/arm/core/cortex_m/libarch__arm__core__cortex_m.a(swap.c.obj)
                0x0000000000002564                z_arm_pendsv_c
 .text.z_arm_pendsv
                0x00000000000025ac       0x34 zephyr/arch/arch/arm/core/cortex_m/libarch__arm__core__cortex_m.a(swap_helper.S.obj)
                0x00000000000025ac                z_arm_pendsv
 .text.z_arm_svc
                0x00000000000025e0       0x20 zephyr/arch/arch/arm/core/cortex_m/libarch__arm__core__cortex_m.a(swap_helper.S.obj)
                0x00000000000025e0                z_arm_svc
 .text.arch_irq_enable
                0x0000000000002600       0x1c zephyr/arch/arch/arm/core/cortex_m/libarch__arm__core__cortex_m.a(irq_manage.c.obj)
                0x0000000000002600                arch_irq_enable
 .text.arch_irq_disable
                0x000000000000261c       0x28 zephyr/arch/arch/arm/core/cortex_m/libarch__arm__core__cortex_m.a(irq_manage.c.obj)
                0x000000000000261c                arch_irq_disable
 .text.arch_irq_is_enabled
                0x0000000000002644       0x1c zephyr/arch/arch/arm/core/cortex_m/libarch__arm__core__cortex_m.a(irq_manage.c.obj)
                0x0000000000002644                arch_irq_is_enabled
 .text.z_arm_irq_priority_set
                0x0000000000002660       0x4c zephyr/arch/arch/arm/core/cortex_m/libarch__arm__core__cortex_m.a(irq_manage.c.obj)
                0x0000000000002660                z_arm_irq_priority_set
 .text.z_prep_c
                0x00000000000026ac       0x38 zephyr/arch/arch/arm/core/cortex_m/libarch__arm__core__cortex_m.a(prep_c.c.obj)
                0x00000000000026ac                z_prep_c
 .text.arch_new_thread
                0x00000000000026e4       0x38 zephyr/arch/arch/arm/core/cortex_m/libarch__arm__core__cortex_m.a(thread.c.obj)
                0x00000000000026e4                arch_new_thread
 .text.z_check_thread_stack_fail
                0x000000000000271c       0x2c zephyr/arch/arch/arm/core/cortex_m/libarch__arm__core__cortex_m.a(thread.c.obj)
                0x000000000000271c                z_check_thread_stack_fail
 .text.arch_switch_to_main_thread
                0x0000000000002748       0x44 zephyr/arch/arch/arm/core/cortex_m/libarch__arm__core__cortex_m.a(thread.c.obj)
                0x0000000000002748                arch_switch_to_main_thread
 .text.z_arm_cpu_idle_init
                0x000000000000278c        0xc zephyr/arch/arch/arm/core/cortex_m/libarch__arm__core__cortex_m.a(cpu_idle.c.obj)
                0x000000000000278c                z_arm_cpu_idle_init
 .text.z_arm_interrupt_init
                0x0000000000002798       0x18 zephyr/arch/arch/arm/core/cortex_m/libarch__arm__core__cortex_m.a(irq_init.c.obj)
                0x0000000000002798                z_arm_interrupt_init
 .text._isr_wrapper
                0x00000000000027b0       0x24 zephyr/arch/arch/arm/core/cortex_m/libarch__arm__core__cortex_m.a(isr_wrapper.c.obj)
                0x00000000000027b0                _isr_wrapper
 .text.z_arm_configure_static_mpu_regions
                0x00000000000027d4       0x18 zephyr/arch/arch/arm/core/mpu/libarch__arm__core__mpu.a(arm_core_mpu.c.obj)
                0x00000000000027d4                z_arm_configure_static_mpu_regions
 .text.z_arm_configure_dynamic_mpu_regions
                0x00000000000027ec       0x20 zephyr/arch/arch/arm/core/mpu/libarch__arm__core__mpu.a(arm_core_mpu.c.obj)
                0x00000000000027ec                z_arm_configure_dynamic_mpu_regions
 .text.region_allocate_and_init
                0x000000000000280c       0x4c zephyr/arch/arch/arm/core/mpu/libarch__arm__core__mpu.a(arm_mpu.c.obj)
 .text.mpu_configure_regions
                0x0000000000002858       0x64 zephyr/arch/arch/arm/core/mpu/libarch__arm__core__mpu.a(arm_mpu.c.obj)
 .text.arm_core_mpu_enable
                0x00000000000028bc       0x18 zephyr/arch/arch/arm/core/mpu/libarch__arm__core__mpu.a(arm_mpu.c.obj)
                0x00000000000028bc                arm_core_mpu_enable
 .text.arm_core_mpu_disable
                0x00000000000028d4       0x14 zephyr/arch/arch/arm/core/mpu/libarch__arm__core__mpu.a(arm_mpu.c.obj)
                0x00000000000028d4                arm_core_mpu_disable
 .text.arm_core_mpu_configure_static_mpu_regions
                0x00000000000028e8       0x38 zephyr/arch/arch/arm/core/mpu/libarch__arm__core__mpu.a(arm_mpu.c.obj)
                0x00000000000028e8                arm_core_mpu_configure_static_mpu_regions
 .text.arm_core_mpu_configure_dynamic_mpu_regions
                0x0000000000002920       0x58 zephyr/arch/arch/arm/core/mpu/libarch__arm__core__mpu.a(arm_mpu.c.obj)
                0x0000000000002920                arm_core_mpu_configure_dynamic_mpu_regions
 .text.z_arm_mpu_init
                0x0000000000002978      0x1e8 zephyr/arch/arch/arm/core/mpu/libarch__arm__core__mpu.a(arm_mpu.c.obj)
                0x0000000000002978                z_arm_mpu_init
 .text.z_impl_zephyr_fputc
                0x0000000000002b60       0x10 zephyr/lib/libc/picolibc/liblib__libc__picolibc.a(libc-hooks.c.obj)
                0x0000000000002b60                z_impl_zephyr_fputc
 .text.__stdout_hook_install
                0x0000000000002b70       0x18 zephyr/lib/libc/picolibc/liblib__libc__picolibc.a(libc-hooks.c.obj)
                0x0000000000002b70                __stdout_hook_install
 .text.malloc_prepare
                0x0000000000002b88       0x24 zephyr/lib/libc/common/liblib__libc__common.a(malloc.c.obj)
 .text.nordicsemi_nrf52_init
                0x0000000000002bac       0x10 zephyr/soc/soc/nrf52832/libsoc__nordic.a(soc.c.obj)
 .text.arch_busy_wait
                0x0000000000002bbc       0x14 zephyr/soc/soc/nrf52832/libsoc__nordic.a(soc.c.obj)
                0x0000000000002bbc                arch_busy_wait
 .text.xoshiro128_initialize
                0x0000000000002bd0       0x18 zephyr/subsys/random/libsubsys__random.a(random_xoshiro128.c.obj)
 .text.bt_hex   0x0000000000002be8       0x44 zephyr/subsys/bluetooth/common/libsubsys__bluetooth__common.a(bt_str.c.obj)
                0x0000000000002be8                bt_hex
 .text.bt_addr_le_str
                0x0000000000002c2c       0x7c zephyr/subsys/bluetooth/common/libsubsys__bluetooth__common.a(bt_str.c.obj)
                0x0000000000002c2c                bt_addr_le_str
 .text.long_wq_init
                0x0000000000002ca8       0x38 zephyr/subsys/bluetooth/host/libsubsys__bluetooth__host.a(long_wq.c.obj)
 .text.bt_long_wq_schedule
                0x0000000000002ce0        0xc zephyr/subsys/bluetooth/host/libsubsys__bluetooth__host.a(long_wq.c.obj)
                0x0000000000002ce0                bt_long_wq_schedule
 .text.uuid_to_uuid128
                0x0000000000002cec       0x78 zephyr/subsys/bluetooth/host/libsubsys__bluetooth__host.a(uuid.c.obj)
 .text.bt_buf_get_rx
                0x0000000000002d64       0x48 zephyr/subsys/bluetooth/host/libsubsys__bluetooth__host.a(buf.c.obj)
                0x0000000000002d64                bt_buf_get_rx
 .text.bt_buf_get_evt
                0x0000000000002dac       0x38 zephyr/subsys/bluetooth/host/libsubsys__bluetooth__host.a(buf.c.obj)
                0x0000000000002dac                bt_buf_get_evt
 .text.hci_data_buf_overflow
                0x0000000000002de4       0x10 zephyr/subsys/bluetooth/host/libsubsys__bluetooth__host.a(hci_core.c.obj)
 .text.handle_event_common
                0x0000000000002df4       0x48 zephyr/subsys/bluetooth/host/libsubsys__bluetooth__host.a(hci_core.c.obj)
 .text.hci_disconn_complete_prio
                0x0000000000002e3c       0x4c zephyr/subsys/bluetooth/host/libsubsys__bluetooth__host.a(hci_core.c.obj)
 .text.hci_disconn_complete
                0x0000000000002e88       0x3c zephyr/subsys/bluetooth/host/libsubsys__bluetooth__host.a(hci_core.c.obj)
 .text.le_phy_update_complete
                0x0000000000002ec4       0x2c zephyr/subsys/bluetooth/host/libsubsys__bluetooth__host.a(hci_core.c.obj)
 .text.le_data_len_change
                0x0000000000002ef0       0x2c zephyr/subsys/bluetooth/host/libsubsys__bluetooth__host.a(hci_core.c.obj)
 .text.hci_hardware_error
                0x0000000000002f1c       0x1c zephyr/subsys/bluetooth/host/libsubsys__bluetooth__host.a(hci_core.c.obj)
 .text.rx_queue_put
                0x0000000000002f38       0x34 zephyr/subsys/bluetooth/host/libsubsys__bluetooth__host.a(hci_core.c.obj)
 .text.find_pending_connect.part.0
                0x0000000000002f6c       0x2c zephyr/subsys/bluetooth/host/libsubsys__bluetooth__host.a(hci_core.c.obj)
 .text.handle_event
                0x0000000000002f98       0x30 zephyr/subsys/bluetooth/host/libsubsys__bluetooth__host.a(hci_core.c.obj)
 .text.rx_work_handler
                0x0000000000002fc8      0x124 zephyr/subsys/bluetooth/host/libsubsys__bluetooth__host.a(hci_core.c.obj)
 .text.hci_le_meta_event
                0x00000000000030ec       0x20 zephyr/subsys/bluetooth/host/libsubsys__bluetooth__host.a(hci_core.c.obj)
 .text.hci_vendor_event
                0x000000000000310c       0x3c zephyr/subsys/bluetooth/host/libsubsys__bluetooth__host.a(hci_core.c.obj)
 .text.le_remote_feat_complete
                0x0000000000003148       0x50 zephyr/subsys/bluetooth/host/libsubsys__bluetooth__host.a(hci_core.c.obj)
 .text.hci_cmd_done
                0x0000000000003198      0x150 zephyr/subsys/bluetooth/host/libsubsys__bluetooth__host.a(hci_core.c.obj)
 .text.hci_cmd_status
                0x00000000000032e8       0x2c zephyr/subsys/bluetooth/host/libsubsys__bluetooth__host.a(hci_core.c.obj)
 .text.hci_cmd_complete
                0x0000000000003314       0x48 zephyr/subsys/bluetooth/host/libsubsys__bluetooth__host.a(hci_core.c.obj)
 .text.hci_num_completed_packets
                0x000000000000335c      0x104 zephyr/subsys/bluetooth/host/libsubsys__bluetooth__host.a(hci_core.c.obj)
 .text.le_conn_update_complete
                0x0000000000003460       0xc8 zephyr/subsys/bluetooth/host/libsubsys__bluetooth__host.a(hci_core.c.obj)
 .text.bt_hci_cmd_state_set_init
                0x0000000000003528       0x24 zephyr/subsys/bluetooth/host/libsubsys__bluetooth__host.a(hci_core.c.obj)
                0x0000000000003528                bt_hci_cmd_state_set_init
 .text.bt_hci_cmd_create
                0x000000000000354c       0x78 zephyr/subsys/bluetooth/host/libsubsys__bluetooth__host.a(hci_core.c.obj)
                0x000000000000354c                bt_hci_cmd_create
 .text.bt_hci_cmd_send_sync
                0x00000000000035c4       0xd0 zephyr/subsys/bluetooth/host/libsubsys__bluetooth__host.a(hci_core.c.obj)
                0x00000000000035c4                bt_hci_cmd_send_sync
 .text.hci_le_read_max_data_len
                0x0000000000003694       0x70 zephyr/subsys/bluetooth/host/libsubsys__bluetooth__host.a(hci_core.c.obj)
 .text.bt_hci_le_rand
                0x0000000000003704       0x58 zephyr/subsys/bluetooth/host/libsubsys__bluetooth__host.a(hci_core.c.obj)
                0x0000000000003704                bt_hci_le_rand
 .text.bt_hci_le_enh_conn_complete
                0x000000000000375c      0x2ac zephyr/subsys/bluetooth/host/libsubsys__bluetooth__host.a(hci_core.c.obj)
                0x000000000000375c                bt_hci_le_enh_conn_complete
 .text.le_legacy_conn_complete
                0x0000000000003a08       0x70 zephyr/subsys/bluetooth/host/libsubsys__bluetooth__host.a(hci_core.c.obj)
 .text.bt_hci_get_ver_str
                0x0000000000003a78       0x3c zephyr/subsys/bluetooth/host/libsubsys__bluetooth__host.a(hci_core.c.obj)
                0x0000000000003a78                bt_hci_get_ver_str
 .text.bt_send  0x0000000000003ab4       0x10 zephyr/subsys/bluetooth/host/libsubsys__bluetooth__host.a(hci_core.c.obj)
                0x0000000000003ab4                bt_send
 .text.bt_hci_cmd_send
                0x0000000000003ac4       0x50 zephyr/subsys/bluetooth/host/libsubsys__bluetooth__host.a(hci_core.c.obj)
                0x0000000000003ac4                bt_hci_cmd_send
 .text.le_conn_param_neg_reply
                0x0000000000003b14       0x40 zephyr/subsys/bluetooth/host/libsubsys__bluetooth__host.a(hci_core.c.obj)
 .text.le_conn_param_req
                0x0000000000003b54       0xbc zephyr/subsys/bluetooth/host/libsubsys__bluetooth__host.a(hci_core.c.obj)
 .text.hci_tx_thread
                0x0000000000003c10      0x14c zephyr/subsys/bluetooth/host/libsubsys__bluetooth__host.a(hci_core.c.obj)
 .text.hci_event_prio
                0x0000000000003d5c       0x94 zephyr/subsys/bluetooth/host/libsubsys__bluetooth__host.a(hci_core.c.obj)
                0x0000000000003d5c                hci_event_prio
 .text.bt_recv  0x0000000000003df0       0x54 zephyr/subsys/bluetooth/host/libsubsys__bluetooth__host.a(hci_core.c.obj)
                0x0000000000003df0                bt_recv
 .text.bt_hci_driver_register
                0x0000000000003e44       0x28 zephyr/subsys/bluetooth/host/libsubsys__bluetooth__host.a(hci_core.c.obj)
                0x0000000000003e44                bt_hci_driver_register
 .text.bt_finalize_init
                0x0000000000003e6c       0xb4 zephyr/subsys/bluetooth/host/libsubsys__bluetooth__host.a(hci_core.c.obj)
                0x0000000000003e6c                bt_finalize_init
 .text.bt_init  0x0000000000003f20      0x454 zephyr/subsys/bluetooth/host/libsubsys__bluetooth__host.a(hci_core.c.obj)
 .text.init_work
                0x0000000000004374       0x18 zephyr/subsys/bluetooth/host/libsubsys__bluetooth__host.a(hci_core.c.obj)
 .text.bt_enable
                0x000000000000438c       0xfc zephyr/subsys/bluetooth/host/libsubsys__bluetooth__host.a(hci_core.c.obj)
                0x000000000000438c                bt_enable
 .text.bt_is_ready
                0x0000000000004488       0x18 zephyr/subsys/bluetooth/host/libsubsys__bluetooth__host.a(hci_core.c.obj)
                0x0000000000004488                bt_is_ready
 .text.bt_get_name
                0x00000000000044a0        0x8 zephyr/subsys/bluetooth/host/libsubsys__bluetooth__host.a(hci_core.c.obj)
                0x00000000000044a0                bt_get_name
 .text.id_find  0x00000000000044a8       0x30 zephyr/subsys/bluetooth/host/libsubsys__bluetooth__host.a(id.c.obj)
 .text.set_random_address
                0x00000000000044d8       0x70 zephyr/subsys/bluetooth/host/libsubsys__bluetooth__host.a(id.c.obj)
 .text.id_create.constprop.0
                0x0000000000004548       0x74 zephyr/subsys/bluetooth/host/libsubsys__bluetooth__host.a(id.c.obj)
 .text.bt_id_create
                0x00000000000045bc       0x94 zephyr/subsys/bluetooth/host/libsubsys__bluetooth__host.a(id.c.obj)
                0x00000000000045bc                bt_id_create
 .text.bt_id_read_public_addr
                0x0000000000004650       0x84 zephyr/subsys/bluetooth/host/libsubsys__bluetooth__host.a(id.c.obj)
                0x0000000000004650                bt_id_read_public_addr
 .text.bt_setup_public_id_addr
                0x00000000000046d4       0x20 zephyr/subsys/bluetooth/host/libsubsys__bluetooth__host.a(id.c.obj)
                0x00000000000046d4                bt_setup_public_id_addr
 .text.bt_setup_random_id_addr
                0x00000000000046f4       0xd4 zephyr/subsys/bluetooth/host/libsubsys__bluetooth__host.a(id.c.obj)
                0x00000000000046f4                bt_setup_random_id_addr
 .text.bt_id_set_adv_own_addr
                0x00000000000047c8       0xcc zephyr/subsys/bluetooth/host/libsubsys__bluetooth__host.a(id.c.obj)
                0x00000000000047c8                bt_id_set_adv_own_addr
 .text.bt_id_init
                0x0000000000004894       0x50 zephyr/subsys/bluetooth/host/libsubsys__bluetooth__host.a(id.c.obj)
                0x0000000000004894                bt_id_init
 .text.hci_set_ad
                0x00000000000048e4       0xcc zephyr/subsys/bluetooth/host/libsubsys__bluetooth__host.a(adv.c.obj)
 .text.valid_adv_param
                0x00000000000049b0       0x84 zephyr/subsys/bluetooth/host/libsubsys__bluetooth__host.a(adv.c.obj)
 .text.adv_is_directed
                0x0000000000004a34       0x18 zephyr/subsys/bluetooth/host/libsubsys__bluetooth__host.a(adv.c.obj)
 .text.le_adv_start_add_conn
                0x0000000000004a4c       0x60 zephyr/subsys/bluetooth/host/libsubsys__bluetooth__host.a(adv.c.obj)
 .text.bt_le_adv_lookup_legacy
                0x0000000000004aac        0x8 zephyr/subsys/bluetooth/host/libsubsys__bluetooth__host.a(adv.c.obj)
                0x0000000000004aac                bt_le_adv_lookup_legacy
 .text.bt_le_adv_start_legacy
                0x0000000000004ab4      0x274 zephyr/subsys/bluetooth/host/libsubsys__bluetooth__host.a(adv.c.obj)
                0x0000000000004ab4                bt_le_adv_start_legacy
 .text.bt_le_adv_start
                0x0000000000004d28       0x64 zephyr/subsys/bluetooth/host/libsubsys__bluetooth__host.a(adv.c.obj)
                0x0000000000004d28                bt_le_adv_start
 .text.bt_le_adv_stop
                0x0000000000004d8c       0x78 zephyr/subsys/bluetooth/host/libsubsys__bluetooth__host.a(adv.c.obj)
                0x0000000000004d8c                bt_le_adv_stop
 .text.adv_timeout
                0x0000000000004e04       0x1c zephyr/subsys/bluetooth/host/libsubsys__bluetooth__host.a(adv.c.obj)
 .text.bt_le_adv_resume
                0x0000000000004e20       0xe0 zephyr/subsys/bluetooth/host/libsubsys__bluetooth__host.a(adv.c.obj)
                0x0000000000004e20                bt_le_adv_resume
 .text.notify_connected
                0x0000000000004f00       0x5c zephyr/subsys/bluetooth/host/libsubsys__bluetooth__host.a(conn.c.obj)
 .text.tx_notify
                0x0000000000004f5c       0x90 zephyr/subsys/bluetooth/host/libsubsys__bluetooth__host.a(conn.c.obj)
 .text.wait_for_tx_work
                0x0000000000004fec       0x60 zephyr/subsys/bluetooth/host/libsubsys__bluetooth__host.a(conn.c.obj)
 .text.conn_tx_destroy
                0x000000000000504c       0x48 zephyr/subsys/bluetooth/host/libsubsys__bluetooth__host.a(conn.c.obj)
 .text.send_frag
                0x0000000000005094      0x1b4 zephyr/subsys/bluetooth/host/libsubsys__bluetooth__host.a(conn.c.obj)
 .text.bt_conn_get_pkts
                0x0000000000005248       0x18 zephyr/subsys/bluetooth/host/libsubsys__bluetooth__host.a(conn.c.obj)
                0x0000000000005248                bt_conn_get_pkts
 .text.bt_conn_new
                0x0000000000005260       0x64 zephyr/subsys/bluetooth/host/libsubsys__bluetooth__host.a(conn.c.obj)
                0x0000000000005260                bt_conn_new
 .text.conn_cleanup
                0x00000000000052c4       0x80 zephyr/subsys/bluetooth/host/libsubsys__bluetooth__host.a(conn.c.obj)
 .text.bt_conn_recv
                0x0000000000005344       0xdc zephyr/subsys/bluetooth/host/libsubsys__bluetooth__host.a(conn.c.obj)
                0x0000000000005344                bt_conn_recv
 .text.bt_conn_send_cb
                0x0000000000005420       0xe0 zephyr/subsys/bluetooth/host/libsubsys__bluetooth__host.a(conn.c.obj)
                0x0000000000005420                bt_conn_send_cb
 .text.bt_conn_prepare_events
                0x0000000000005500       0xa4 zephyr/subsys/bluetooth/host/libsubsys__bluetooth__host.a(conn.c.obj)
                0x0000000000005500                bt_conn_prepare_events
 .text.bt_conn_ref
                0x00000000000055a4       0x58 zephyr/subsys/bluetooth/host/libsubsys__bluetooth__host.a(conn.c.obj)
                0x00000000000055a4                bt_conn_ref
 .text.bt_conn_unref
                0x00000000000055fc       0xb8 zephyr/subsys/bluetooth/host/libsubsys__bluetooth__host.a(conn.c.obj)
                0x00000000000055fc                bt_conn_unref
 .text.bt_conn_set_state
                0x00000000000056b4      0x1e0 zephyr/subsys/bluetooth/host/libsubsys__bluetooth__host.a(conn.c.obj)
                0x00000000000056b4                bt_conn_set_state
 .text.bt_conn_lookup_handle
                0x0000000000005894       0x3c zephyr/subsys/bluetooth/host/libsubsys__bluetooth__host.a(conn.c.obj)
                0x0000000000005894                bt_conn_lookup_handle
 .text.bt_conn_index
                0x00000000000058d0       0x3c zephyr/subsys/bluetooth/host/libsubsys__bluetooth__host.a(conn.c.obj)
                0x00000000000058d0                bt_conn_index
 .text.bt_conn_create_pdu_timeout
                0x000000000000590c       0x8c zephyr/subsys/bluetooth/host/libsubsys__bluetooth__host.a(conn.c.obj)
                0x000000000000590c                bt_conn_create_pdu_timeout
 .text.notify_le_param_updated
                0x0000000000005998       0xb8 zephyr/subsys/bluetooth/host/libsubsys__bluetooth__host.a(conn.c.obj)
                0x0000000000005998                notify_le_param_updated
 .text.le_param_req
                0x0000000000005a50       0x94 zephyr/subsys/bluetooth/host/libsubsys__bluetooth__host.a(conn.c.obj)
                0x0000000000005a50                le_param_req
 .text.bt_conn_add_le
                0x0000000000005ae4       0x38 zephyr/subsys/bluetooth/host/libsubsys__bluetooth__host.a(conn.c.obj)
                0x0000000000005ae4                bt_conn_add_le
 .text.bt_conn_lookup_addr_le
                0x0000000000005b1c       0x34 zephyr/subsys/bluetooth/host/libsubsys__bluetooth__host.a(conn.c.obj)
                0x0000000000005b1c                bt_conn_lookup_addr_le
 .text.bt_conn_exists_le
                0x0000000000005b50       0x48 zephyr/subsys/bluetooth/host/libsubsys__bluetooth__host.a(conn.c.obj)
                0x0000000000005b50                bt_conn_exists_le
 .text.bt_conn_lookup_state_le
                0x0000000000005b98       0x44 zephyr/subsys/bluetooth/host/libsubsys__bluetooth__host.a(conn.c.obj)
                0x0000000000005b98                bt_conn_lookup_state_le
 .text.send_conn_le_param_update
                0x0000000000005bdc       0x6c zephyr/subsys/bluetooth/host/libsubsys__bluetooth__host.a(conn.c.obj)
 .text.deferred_work
                0x0000000000005c48      0x134 zephyr/subsys/bluetooth/host/libsubsys__bluetooth__host.a(conn.c.obj)
 .text.bt_conn_create_frag_timeout
                0x0000000000005d7c        0xc zephyr/subsys/bluetooth/host/libsubsys__bluetooth__host.a(conn.c.obj)
                0x0000000000005d7c                bt_conn_create_frag_timeout
 .text.bt_conn_process_tx
                0x0000000000005d88      0x11c zephyr/subsys/bluetooth/host/libsubsys__bluetooth__host.a(conn.c.obj)
                0x0000000000005d88                bt_conn_process_tx
 .text.bt_conn_init
                0x0000000000005ea4       0x44 zephyr/subsys/bluetooth/host/libsubsys__bluetooth__host.a(conn.c.obj)
                0x0000000000005ea4                bt_conn_init
 .text.l2cap_accept
                0x0000000000005ee8       0x30 zephyr/subsys/bluetooth/host/libsubsys__bluetooth__host.a(l2cap.c.obj)
 .text.l2cap_create_le_sig_pdu
                0x0000000000005f18       0x3c zephyr/subsys/bluetooth/host/libsubsys__bluetooth__host.a(l2cap.c.obj)
 .text.bt_l2cap_connected
                0x0000000000005f54       0xbc zephyr/subsys/bluetooth/host/libsubsys__bluetooth__host.a(l2cap.c.obj)
                0x0000000000005f54                bt_l2cap_connected
 .text.l2cap_recv
                0x0000000000006010       0x9c zephyr/subsys/bluetooth/host/libsubsys__bluetooth__host.a(l2cap.c.obj)
 .text.bt_l2cap_recv
                0x00000000000060ac       0x50 zephyr/subsys/bluetooth/host/libsubsys__bluetooth__host.a(l2cap.c.obj)
                0x00000000000060ac                bt_l2cap_recv
 .text.bt_l2cap_update_conn_param
                0x00000000000060fc       0x50 zephyr/subsys/bluetooth/host/libsubsys__bluetooth__host.a(l2cap.c.obj)
                0x00000000000060fc                bt_l2cap_update_conn_param
 .text.att_op_get_type
                0x000000000000614c       0x74 zephyr/subsys/bluetooth/host/libsubsys__bluetooth__host.a(att.c.obj)
 .text.bt_att_released
                0x00000000000061c0        0xc zephyr/subsys/bluetooth/host/libsubsys__bluetooth__host.a(att.c.obj)
 .text.find_type_cb
                0x00000000000061cc      0x160 zephyr/subsys/bluetooth/host/libsubsys__bluetooth__host.a(att.c.obj)
 .text.bt_att_connected
                0x000000000000632c       0x40 zephyr/subsys/bluetooth/host/libsubsys__bluetooth__host.a(att.c.obj)
 .text.read_group_cb
                0x000000000000636c       0xb8 zephyr/subsys/bluetooth/host/libsubsys__bluetooth__host.a(att.c.obj)
 .text.bt_att_accept
                0x0000000000006424       0xe4 zephyr/subsys/bluetooth/host/libsubsys__bluetooth__host.a(att.c.obj)
 .text.read_type_cb
                0x0000000000006508       0xac zephyr/subsys/bluetooth/host/libsubsys__bluetooth__host.a(att.c.obj)
 .text.att_get  0x00000000000065b4       0x48 zephyr/subsys/bluetooth/host/libsubsys__bluetooth__host.a(att.c.obj)
 .text.bt_att_get_tx_meta_data
                0x00000000000065fc       0x44 zephyr/subsys/bluetooth/host/libsubsys__bluetooth__host.a(att.c.obj)
                0x00000000000065fc                bt_att_get_tx_meta_data
 .text.chan_send
                0x0000000000006640       0xdc zephyr/subsys/bluetooth/host/libsubsys__bluetooth__host.a(att.c.obj)
 .text.bt_att_chan_req_send
                0x000000000000671c       0x6c zephyr/subsys/bluetooth/host/libsubsys__bluetooth__host.a(att.c.obj)
 .text.att_tx_destroy
                0x0000000000006788      0x128 zephyr/subsys/bluetooth/host/libsubsys__bluetooth__host.a(att.c.obj)
 .text.bt_att_chan_create_pdu
                0x00000000000068b0       0x7c zephyr/subsys/bluetooth/host/libsubsys__bluetooth__host.a(att.c.obj)
 .text.bt_att_recv
                0x000000000000692c       0xbc zephyr/subsys/bluetooth/host/libsubsys__bluetooth__host.a(att.c.obj)
 .text.att_write_rsp.constprop.0
                0x00000000000069e8       0xc0 zephyr/subsys/bluetooth/host/libsubsys__bluetooth__host.a(att.c.obj)
 .text.bt_att_create_pdu
                0x0000000000006aa8       0x60 zephyr/subsys/bluetooth/host/libsubsys__bluetooth__host.a(att.c.obj)
                0x0000000000006aa8                bt_att_create_pdu
 .text.bt_att_create_rsp_pdu
                0x0000000000006b08       0x4c zephyr/subsys/bluetooth/host/libsubsys__bluetooth__host.a(att.c.obj)
                0x0000000000006b08                bt_att_create_rsp_pdu
 .text.att_read_group_req
                0x0000000000006b54       0xf0 zephyr/subsys/bluetooth/host/libsubsys__bluetooth__host.a(att.c.obj)
 .text.att_read_mult_vl_req
                0x0000000000006c44       0x9c zephyr/subsys/bluetooth/host/libsubsys__bluetooth__host.a(att.c.obj)
 .text.att_read_mult_req
                0x0000000000006ce0       0x9c zephyr/subsys/bluetooth/host/libsubsys__bluetooth__host.a(att.c.obj)
 .text.att_read_rsp
                0x0000000000006d7c       0x90 zephyr/subsys/bluetooth/host/libsubsys__bluetooth__host.a(att.c.obj)
 .text.att_read_type_req
                0x0000000000006e0c       0xbc zephyr/subsys/bluetooth/host/libsubsys__bluetooth__host.a(att.c.obj)
 .text.att_find_type_req
                0x0000000000006ec8       0xc0 zephyr/subsys/bluetooth/host/libsubsys__bluetooth__host.a(att.c.obj)
 .text.att_find_info_req
                0x0000000000006f88       0x6c zephyr/subsys/bluetooth/host/libsubsys__bluetooth__host.a(att.c.obj)
 .text.bt_att_req_alloc
                0x0000000000006ff4       0x50 zephyr/subsys/bluetooth/host/libsubsys__bluetooth__host.a(att.c.obj)
                0x0000000000006ff4                bt_att_req_alloc
 .text.bt_att_req_free
                0x0000000000007044       0x20 zephyr/subsys/bluetooth/host/libsubsys__bluetooth__host.a(att.c.obj)
                0x0000000000007044                bt_att_req_free
 .text.att_handle_rsp
                0x0000000000007064       0x78 zephyr/subsys/bluetooth/host/libsubsys__bluetooth__host.a(att.c.obj)
 .text.bt_att_disconnected
                0x00000000000070dc       0xc8 zephyr/subsys/bluetooth/host/libsubsys__bluetooth__host.a(att.c.obj)
 .text.att_timeout
                0x00000000000071a4       0x98 zephyr/subsys/bluetooth/host/libsubsys__bluetooth__host.a(att.c.obj)
 .text.bt_att_send
                0x000000000000723c       0x90 zephyr/subsys/bluetooth/host/libsubsys__bluetooth__host.a(att.c.obj)
                0x000000000000723c                bt_att_send
 .text.bt_att_req_send
                0x00000000000072cc       0x70 zephyr/subsys/bluetooth/host/libsubsys__bluetooth__host.a(att.c.obj)
                0x00000000000072cc                bt_att_req_send
 .text.find_cf_cfg
                0x000000000000733c       0x30 zephyr/subsys/bluetooth/host/libsubsys__bluetooth__host.a(gatt.c.obj)
 .text.find_sc_cfg
                0x000000000000736c       0x24 zephyr/subsys/bluetooth/host/libsubsys__bluetooth__host.a(gatt.c.obj)
 .text.find_ccc_cfg
                0x0000000000007390       0x28 zephyr/subsys/bluetooth/host/libsubsys__bluetooth__host.a(gatt.c.obj)
 .text.bt_gatt_attr_write_ccc
                0x00000000000073b8       0xb4 zephyr/subsys/bluetooth/host/libsubsys__bluetooth__host.a(gatt.c.obj)
                0x00000000000073b8                bt_gatt_attr_write_ccc
 .text.clear_cf_cfg
                0x000000000000746c       0x2c zephyr/subsys/bluetooth/host/libsubsys__bluetooth__host.a(gatt.c.obj)
 .text.sc_save  0x0000000000007498       0x58 zephyr/subsys/bluetooth/host/libsubsys__bluetooth__host.a(gatt.c.obj)
 .text.disconnected_cb
                0x00000000000074f0       0xa0 zephyr/subsys/bluetooth/host/libsubsys__bluetooth__host.a(gatt.c.obj)
 .text.read_ppcp
                0x0000000000007590       0x38 zephyr/subsys/bluetooth/host/libsubsys__bluetooth__host.a(gatt.c.obj)
 .text.cf_write
                0x00000000000075c8       0x90 zephyr/subsys/bluetooth/host/libsubsys__bluetooth__host.a(gatt.c.obj)
 .text.sc_indicate_rsp
                0x0000000000007658       0x58 zephyr/subsys/bluetooth/host/libsubsys__bluetooth__host.a(gatt.c.obj)
 .text.bt_gatt_init
                0x00000000000076b0       0x9c zephyr/subsys/bluetooth/host/libsubsys__bluetooth__host.a(gatt.c.obj)
                0x00000000000076b0                bt_gatt_init
 .text.bt_gatt_attr_get_handle
                0x000000000000774c       0x80 zephyr/subsys/bluetooth/host/libsubsys__bluetooth__host.a(gatt.c.obj)
                0x000000000000774c                bt_gatt_attr_get_handle
 .text.bt_gatt_foreach_attr_type
                0x00000000000077cc       0xd0 zephyr/subsys/bluetooth/host/libsubsys__bluetooth__host.a(gatt.c.obj)
                0x00000000000077cc                bt_gatt_foreach_attr_type
 .text.db_hash_gen
                0x000000000000789c       0x7c zephyr/subsys/bluetooth/host/libsubsys__bluetooth__host.a(gatt.c.obj)
 .text.db_hash_read
                0x0000000000007918       0x78 zephyr/subsys/bluetooth/host/libsubsys__bluetooth__host.a(gatt.c.obj)
 .text.db_hash_process
                0x0000000000007990       0x1c zephyr/subsys/bluetooth/host/libsubsys__bluetooth__host.a(gatt.c.obj)
 .text.bt_gatt_attr_next
                0x00000000000079ac       0x24 zephyr/subsys/bluetooth/host/libsubsys__bluetooth__host.a(gatt.c.obj)
                0x00000000000079ac                bt_gatt_attr_next
 .text.bt_gatt_is_subscribed
                0x00000000000079d0      0x164 zephyr/subsys/bluetooth/host/libsubsys__bluetooth__host.a(gatt.c.obj)
                0x00000000000079d0                bt_gatt_is_subscribed
 .text.gatt_indicate
                0x0000000000007b34       0xcc zephyr/subsys/bluetooth/host/libsubsys__bluetooth__host.a(gatt.c.obj)
 .text.bt_gatt_indicate
                0x0000000000007c00      0x128 zephyr/subsys/bluetooth/host/libsubsys__bluetooth__host.a(gatt.c.obj)
                0x0000000000007c00                bt_gatt_indicate
 .text.sc_process
                0x0000000000007d28       0x94 zephyr/subsys/bluetooth/host/libsubsys__bluetooth__host.a(gatt.c.obj)
 .text.update_ccc
                0x0000000000007dbc       0xd4 zephyr/subsys/bluetooth/host/libsubsys__bluetooth__host.a(gatt.c.obj)
 .text.gatt_notify
                0x0000000000007e90       0xa0 zephyr/subsys/bluetooth/host/libsubsys__bluetooth__host.a(gatt.c.obj)
 .text.bt_gatt_notify_cb
                0x0000000000007f30      0x120 zephyr/subsys/bluetooth/host/libsubsys__bluetooth__host.a(gatt.c.obj)
                0x0000000000007f30                bt_gatt_notify_cb
 .text.notify_cb
                0x0000000000008050      0x10c zephyr/subsys/bluetooth/host/libsubsys__bluetooth__host.a(gatt.c.obj)
 .text.bt_gatt_connected
                0x000000000000815c       0x20 zephyr/subsys/bluetooth/host/libsubsys__bluetooth__host.a(gatt.c.obj)
                0x000000000000815c                bt_gatt_connected
 .text.bt_gatt_att_max_mtu_changed
                0x000000000000817c       0x28 zephyr/subsys/bluetooth/host/libsubsys__bluetooth__host.a(gatt.c.obj)
                0x000000000000817c                bt_gatt_att_max_mtu_changed
 .text.bt_gatt_disconnected
                0x00000000000081a4       0x48 zephyr/subsys/bluetooth/host/libsubsys__bluetooth__host.a(gatt.c.obj)
                0x00000000000081a4                bt_gatt_disconnected
 .text.bt_smp_accept
                0x00000000000081ec       0x30 zephyr/subsys/bluetooth/host/libsubsys__bluetooth__host.a(smp_null.c.obj)
 .text.mayfly_init
                0x000000000000821c       0x4c zephyr/subsys/bluetooth/controller/libsubsys__bluetooth__controller.a(mayfly.c.obj)
                0x000000000000821c                mayfly_init
 .text.mayfly_enable
                0x0000000000008268       0x50 zephyr/subsys/bluetooth/controller/libsubsys__bluetooth__controller.a(mayfly.c.obj)
                0x0000000000008268                mayfly_enable
 .text.mayfly_enqueue
                0x00000000000082b8       0xa4 zephyr/subsys/bluetooth/controller/libsubsys__bluetooth__controller.a(mayfly.c.obj)
                0x00000000000082b8                mayfly_enqueue
 .text.mayfly_run
                0x000000000000835c      0x13c zephyr/subsys/bluetooth/controller/libsubsys__bluetooth__controller.a(mayfly.c.obj)
                0x000000000000835c                mayfly_run
 .text.ticker_remainder_inc
                0x0000000000008498       0x30 zephyr/subsys/bluetooth/controller/libsubsys__bluetooth__controller.a(ticker.c.obj)
 .text.start_us.constprop.0
                0x00000000000084c8       0x94 zephyr/subsys/bluetooth/controller/libsubsys__bluetooth__controller.a(ticker.c.obj)
 .text.ticker_job
                0x000000000000855c      0x830 zephyr/subsys/bluetooth/controller/libsubsys__bluetooth__controller.a(ticker.c.obj)
                0x000000000000855c                ticker_job
 .text.ticker_init
                0x0000000000008d8c       0x64 zephyr/subsys/bluetooth/controller/libsubsys__bluetooth__controller.a(ticker.c.obj)
                0x0000000000008d8c                ticker_init
 .text.ticker_trigger
                0x0000000000008df0       0x24 zephyr/subsys/bluetooth/controller/libsubsys__bluetooth__controller.a(ticker.c.obj)
                0x0000000000008df0                ticker_trigger
 .text.ticker_update_ext
                0x0000000000008e14       0x94 zephyr/subsys/bluetooth/controller/libsubsys__bluetooth__controller.a(ticker.c.obj)
                0x0000000000008e14                ticker_update_ext
 .text.ticker_stop
                0x0000000000008ea8       0x74 zephyr/subsys/bluetooth/controller/libsubsys__bluetooth__controller.a(ticker.c.obj)
                0x0000000000008ea8                ticker_stop
 .text.ticker_stop_abs
                0x0000000000008f1c       0x78 zephyr/subsys/bluetooth/controller/libsubsys__bluetooth__controller.a(ticker.c.obj)
                0x0000000000008f1c                ticker_stop_abs
 .text.ll_feat_get
                0x0000000000008f94        0xc zephyr/subsys/bluetooth/controller/libsubsys__bluetooth__controller.a(ll_feat.c.obj)
                0x0000000000008f94                ll_feat_get
 .text.ll_addr_set
                0x0000000000008fa0       0x38 zephyr/subsys/bluetooth/controller/libsubsys__bluetooth__controller.a(ll_addr.c.obj)
                0x0000000000008fa0                ll_addr_set
 .text.ll_addr_get
                0x0000000000008fd8       0x20 zephyr/subsys/bluetooth/controller/libsubsys__bluetooth__controller.a(ll_addr.c.obj)
                0x0000000000008fd8                ll_addr_get
 .text.ll_rx_link_quota_update
                0x0000000000008ff8       0x40 zephyr/subsys/bluetooth/controller/libsubsys__bluetooth__controller.a(ull.c.obj)
 .text.perform_lll_reset
                0x0000000000009038       0x7c zephyr/subsys/bluetooth/controller/libsubsys__bluetooth__controller.a(ull.c.obj)
 .text.tx_cmplt_get
                0x00000000000090b4       0xac zephyr/subsys/bluetooth/controller/libsubsys__bluetooth__controller.a(ull.c.obj)
 .text.ull_ticker_status_give
                0x0000000000009160        0xc zephyr/subsys/bluetooth/controller/libsubsys__bluetooth__controller.a(ull.c.obj)
                0x0000000000009160                ull_ticker_status_give
 .text.ll_rx_link_alloc
                0x000000000000916c        0xc zephyr/subsys/bluetooth/controller/libsubsys__bluetooth__controller.a(ull.c.obj)
                0x000000000000916c                ll_rx_link_alloc
 .text.ll_rx_link_release
                0x0000000000009178        0xc zephyr/subsys/bluetooth/controller/libsubsys__bluetooth__controller.a(ull.c.obj)
                0x0000000000009178                ll_rx_link_release
 .text.rx_replenish
                0x0000000000009184       0xcc zephyr/subsys/bluetooth/controller/libsubsys__bluetooth__controller.a(ull.c.obj)
 .text.ll_rx_alloc
                0x0000000000009250        0xc zephyr/subsys/bluetooth/controller/libsubsys__bluetooth__controller.a(ull.c.obj)
                0x0000000000009250                ll_rx_alloc
 .text.ll_rx_release
                0x000000000000925c        0xc zephyr/subsys/bluetooth/controller/libsubsys__bluetooth__controller.a(ull.c.obj)
                0x000000000000925c                ll_rx_release
 .text.ll_rx_get
                0x0000000000009268       0xac zephyr/subsys/bluetooth/controller/libsubsys__bluetooth__controller.a(ull.c.obj)
                0x0000000000009268                ll_rx_get
 .text.ll_rx_dequeue
                0x0000000000009314      0x134 zephyr/subsys/bluetooth/controller/libsubsys__bluetooth__controller.a(ull.c.obj)
                0x0000000000009314                ll_rx_dequeue
 .text.ll_rx_mem_release
                0x0000000000009448      0x124 zephyr/subsys/bluetooth/controller/libsubsys__bluetooth__controller.a(ull.c.obj)
                0x0000000000009448                ll_rx_mem_release
 .text.ll_rx_put
                0x000000000000956c       0x18 zephyr/subsys/bluetooth/controller/libsubsys__bluetooth__controller.a(ull.c.obj)
                0x000000000000956c                ll_rx_put
 .text.ll_rx_sched
                0x0000000000009584        0xc zephyr/subsys/bluetooth/controller/libsubsys__bluetooth__controller.a(ull.c.obj)
                0x0000000000009584                ll_rx_sched
 .text.ll_pdu_rx_alloc_peek
                0x0000000000009590       0x34 zephyr/subsys/bluetooth/controller/libsubsys__bluetooth__controller.a(ull.c.obj)
                0x0000000000009590                ll_pdu_rx_alloc_peek
 .text.ll_pdu_rx_alloc
                0x00000000000095c4       0x24 zephyr/subsys/bluetooth/controller/libsubsys__bluetooth__controller.a(ull.c.obj)
                0x00000000000095c4                ll_pdu_rx_alloc
 .text.ll_tx_ack_put
                0x00000000000095e8       0x58 zephyr/subsys/bluetooth/controller/libsubsys__bluetooth__controller.a(ull.c.obj)
                0x00000000000095e8                ll_tx_ack_put
 .text.ull_ticker_status_take
                0x0000000000009640       0x24 zephyr/subsys/bluetooth/controller/libsubsys__bluetooth__controller.a(ull.c.obj)
                0x0000000000009640                ull_ticker_status_take
 .text.ull_disable_mark
                0x0000000000009664       0x10 zephyr/subsys/bluetooth/controller/libsubsys__bluetooth__controller.a(ull.c.obj)
                0x0000000000009664                ull_disable_mark
 .text.ull_disable_unmark
                0x0000000000009674       0x1c zephyr/subsys/bluetooth/controller/libsubsys__bluetooth__controller.a(ull.c.obj)
                0x0000000000009674                ull_disable_unmark
 .text.ull_disable_mark_get
                0x0000000000009690        0xc zephyr/subsys/bluetooth/controller/libsubsys__bluetooth__controller.a(ull.c.obj)
                0x0000000000009690                ull_disable_mark_get
 .text.ull_update_mark
                0x000000000000969c       0x10 zephyr/subsys/bluetooth/controller/libsubsys__bluetooth__controller.a(ull.c.obj)
                0x000000000000969c                ull_update_mark
 .text.ull_update_unmark
                0x00000000000096ac       0x1c zephyr/subsys/bluetooth/controller/libsubsys__bluetooth__controller.a(ull.c.obj)
                0x00000000000096ac                ull_update_unmark
 .text.ull_update_mark_get
                0x00000000000096c8        0xc zephyr/subsys/bluetooth/controller/libsubsys__bluetooth__controller.a(ull.c.obj)
                0x00000000000096c8                ull_update_mark_get
 .text.ull_disable
                0x00000000000096d4       0x78 zephyr/subsys/bluetooth/controller/libsubsys__bluetooth__controller.a(ull.c.obj)
                0x00000000000096d4                ull_disable
 .text.ull_ticker_stop_with_mark
                0x000000000000974c       0x70 zephyr/subsys/bluetooth/controller/libsubsys__bluetooth__controller.a(ull.c.obj)
                0x000000000000974c                ull_ticker_stop_with_mark
 .text.ull_pdu_rx_alloc_peek
                0x00000000000097bc       0x34 zephyr/subsys/bluetooth/controller/libsubsys__bluetooth__controller.a(ull.c.obj)
                0x00000000000097bc                ull_pdu_rx_alloc_peek
 .text.ull_pdu_rx_alloc
                0x00000000000097f0       0x24 zephyr/subsys/bluetooth/controller/libsubsys__bluetooth__controller.a(ull.c.obj)
                0x00000000000097f0                ull_pdu_rx_alloc
 .text.ull_rx_put
                0x0000000000009814       0x20 zephyr/subsys/bluetooth/controller/libsubsys__bluetooth__controller.a(ull.c.obj)
                0x0000000000009814                ull_rx_put
 .text.ull_rx_sched
                0x0000000000009834       0x10 zephyr/subsys/bluetooth/controller/libsubsys__bluetooth__controller.a(ull.c.obj)
                0x0000000000009834                ull_rx_sched
 .text.ull_prepare_enqueue
                0x0000000000009844       0x68 zephyr/subsys/bluetooth/controller/libsubsys__bluetooth__controller.a(ull.c.obj)
                0x0000000000009844                ull_prepare_enqueue
 .text.ull_prepare_dequeue_get
                0x00000000000098ac       0x1c zephyr/subsys/bluetooth/controller/libsubsys__bluetooth__controller.a(ull.c.obj)
                0x00000000000098ac                ull_prepare_dequeue_get
 .text.ull_prepare_dequeue_iter
                0x00000000000098c8       0x38 zephyr/subsys/bluetooth/controller/libsubsys__bluetooth__controller.a(ull.c.obj)
                0x00000000000098c8                ull_prepare_dequeue_iter
 .text.ull_prepare_dequeue
                0x0000000000009900      0x108 zephyr/subsys/bluetooth/controller/libsubsys__bluetooth__controller.a(ull.c.obj)
                0x0000000000009900                ull_prepare_dequeue
 .text.ull_event_done_extra_get
                0x0000000000009a08       0x1c zephyr/subsys/bluetooth/controller/libsubsys__bluetooth__controller.a(ull.c.obj)
                0x0000000000009a08                ull_event_done_extra_get
 .text.ull_event_done
                0x0000000000009a24       0x40 zephyr/subsys/bluetooth/controller/libsubsys__bluetooth__controller.a(ull.c.obj)
                0x0000000000009a24                ull_event_done
 .text.init_reset
                0x0000000000009a64       0xec zephyr/subsys/bluetooth/controller/libsubsys__bluetooth__controller.a(ull.c.obj)
 .text.ll_init  0x0000000000009b50       0xc8 zephyr/subsys/bluetooth/controller/libsubsys__bluetooth__controller.a(ull.c.obj)
                0x0000000000009b50                ll_init
 .text.ll_reset
                0x0000000000009c18      0x110 zephyr/subsys/bluetooth/controller/libsubsys__bluetooth__controller.a(ull.c.obj)
                0x0000000000009c18                ll_reset
 .text.rx_demux
                0x0000000000009d28      0x1d8 zephyr/subsys/bluetooth/controller/libsubsys__bluetooth__controller.a(ull.c.obj)
 .text.lll_resume
                0x0000000000009f00       0x48 zephyr/subsys/bluetooth/controller/libsubsys__bluetooth__controller.a(lll_common.c.obj)
                0x0000000000009f00                lll_resume
 .text.hci_driver_init
                0x0000000000009f48       0x10 zephyr/subsys/bluetooth/controller/libsubsys__bluetooth__controller.a(hci_driver.c.obj)
 .text.recv_thread
                0x0000000000009f58       0xd4 zephyr/subsys/bluetooth/controller/libsubsys__bluetooth__controller.a(hci_driver.c.obj)
 .text.hci_driver_send
                0x000000000000a02c       0x80 zephyr/subsys/bluetooth/controller/libsubsys__bluetooth__controller.a(hci_driver.c.obj)
 .text.prio_recv_thread
                0x000000000000a0ac       0xbc zephyr/subsys/bluetooth/controller/libsubsys__bluetooth__controller.a(hci_driver.c.obj)
 .text.hci_driver_close
                0x000000000000a168       0x20 zephyr/subsys/bluetooth/controller/libsubsys__bluetooth__controller.a(hci_driver.c.obj)
 .text.hci_driver_open
                0x000000000000a188       0xb8 zephyr/subsys/bluetooth/controller/libsubsys__bluetooth__controller.a(hci_driver.c.obj)
 .text.hci_recv_fifo_reset
                0x000000000000a240       0x20 zephyr/subsys/bluetooth/controller/libsubsys__bluetooth__controller.a(hci_driver.c.obj)
                0x000000000000a240                hci_recv_fifo_reset
 .text.cmd_complete_status
                0x000000000000a260       0x24 zephyr/subsys/bluetooth/controller/libsubsys__bluetooth__controller.a(hci.c.obj)
 .text.cmd_status
                0x000000000000a284       0x10 zephyr/subsys/bluetooth/controller/libsubsys__bluetooth__controller.a(hci.c.obj)
 .text.encrypt_change
                0x000000000000a294       0x3c zephyr/subsys/bluetooth/controller/libsubsys__bluetooth__controller.a(hci.c.obj)
 .text.le_remote_feat_complete
                0x000000000000a2d0       0x4c zephyr/subsys/bluetooth/controller/libsubsys__bluetooth__controller.a(hci.c.obj)
 .text.hci_cmd_complete
                0x000000000000a31c       0x20 zephyr/subsys/bluetooth/controller/libsubsys__bluetooth__controller.a(hci.c.obj)
                0x000000000000a31c                hci_cmd_complete
 .text.hci_vendor_cmd_handle_common
                0x000000000000a33c      0x134 zephyr/subsys/bluetooth/controller/libsubsys__bluetooth__controller.a(hci.c.obj)
                0x000000000000a33c                hci_vendor_cmd_handle_common
 .text.hci_cmd_handle
                0x000000000000a470      0x6d4 zephyr/subsys/bluetooth/controller/libsubsys__bluetooth__controller.a(hci.c.obj)
                0x000000000000a470                hci_cmd_handle
 .text.hci_acl_handle
                0x000000000000ab44       0xf0 zephyr/subsys/bluetooth/controller/libsubsys__bluetooth__controller.a(hci.c.obj)
                0x000000000000ab44                hci_acl_handle
 .text.hci_disconn_complete_encode
                0x000000000000ac34       0x38 zephyr/subsys/bluetooth/controller/libsubsys__bluetooth__controller.a(hci.c.obj)
                0x000000000000ac34                hci_disconn_complete_encode
 .text.hci_disconn_complete_process
                0x000000000000ac6c       0x10 zephyr/subsys/bluetooth/controller/libsubsys__bluetooth__controller.a(hci.c.obj)
                0x000000000000ac6c                hci_disconn_complete_process
 .text.hci_acl_encode
                0x000000000000ac7c       0x74 zephyr/subsys/bluetooth/controller/libsubsys__bluetooth__controller.a(hci.c.obj)
                0x000000000000ac7c                hci_acl_encode
 .text.hci_evt_encode
                0x000000000000acf0      0x39c zephyr/subsys/bluetooth/controller/libsubsys__bluetooth__controller.a(hci.c.obj)
                0x000000000000acf0                hci_evt_encode
 .text.hci_init
                0x000000000000b08c       0x3c zephyr/subsys/bluetooth/controller/libsubsys__bluetooth__controller.a(hci.c.obj)
                0x000000000000b08c                hci_init
 .text.ticker_stop_cb
                0x000000000000b0c8       0x78 zephyr/subsys/bluetooth/controller/libsubsys__bluetooth__controller.a(ull_adv.c.obj)
 .text.disabled_cb
                0x000000000000b140       0x7c zephyr/subsys/bluetooth/controller/libsubsys__bluetooth__controller.a(ull_adv.c.obj)
 .text.conn_release
                0x000000000000b1bc       0x78 zephyr/subsys/bluetooth/controller/libsubsys__bluetooth__controller.a(ull_adv.c.obj)
 .text.ticker_stop_op_cb
                0x000000000000b234       0x40 zephyr/subsys/bluetooth/controller/libsubsys__bluetooth__controller.a(ull_adv.c.obj)
 .text.adv_disable
                0x000000000000b274       0x7c zephyr/subsys/bluetooth/controller/libsubsys__bluetooth__controller.a(ull_adv.c.obj)
 .text.ticker_update_op_cb
                0x000000000000b2f0       0x5c zephyr/subsys/bluetooth/controller/libsubsys__bluetooth__controller.a(ull_adv.c.obj)
 .text.init_reset
                0x000000000000b34c       0x58 zephyr/subsys/bluetooth/controller/libsubsys__bluetooth__controller.a(ull_adv.c.obj)
 .text.ticker_cb
                0x000000000000b3a4      0x11c zephyr/subsys/bluetooth/controller/libsubsys__bluetooth__controller.a(ull_adv.c.obj)
 .text.ll_adv_params_set
                0x000000000000b4c0      0x194 zephyr/subsys/bluetooth/controller/libsubsys__bluetooth__controller.a(ull_adv.c.obj)
                0x000000000000b4c0                ll_adv_params_set
 .text.ull_adv_reset_finalize
                0x000000000000b654       0x20 zephyr/subsys/bluetooth/controller/libsubsys__bluetooth__controller.a(ull_adv.c.obj)
                0x000000000000b654                ull_adv_reset_finalize
 .text.ull_adv_handle_get
                0x000000000000b674       0x14 zephyr/subsys/bluetooth/controller/libsubsys__bluetooth__controller.a(ull_adv.c.obj)
                0x000000000000b674                ull_adv_handle_get
 .text.ull_adv_lll_handle_get
                0x000000000000b688       0x14 zephyr/subsys/bluetooth/controller/libsubsys__bluetooth__controller.a(ull_adv.c.obj)
                0x000000000000b688                ull_adv_lll_handle_get
 .text.ull_adv_is_enabled_get
                0x000000000000b69c       0x1c zephyr/subsys/bluetooth/controller/libsubsys__bluetooth__controller.a(ull_adv.c.obj)
                0x000000000000b69c                ull_adv_is_enabled_get
 .text.disable.constprop.0
                0x000000000000b6b8      0x148 zephyr/subsys/bluetooth/controller/libsubsys__bluetooth__controller.a(ull_adv.c.obj)
 .text.ull_adv_data_set
                0x000000000000b800      0x108 zephyr/subsys/bluetooth/controller/libsubsys__bluetooth__controller.a(ull_adv.c.obj)
                0x000000000000b800                ull_adv_data_set
 .text.ll_adv_data_set
                0x000000000000b908       0x10 zephyr/subsys/bluetooth/controller/libsubsys__bluetooth__controller.a(ull_adv.c.obj)
                0x000000000000b908                ll_adv_data_set
 .text.ll_adv_scan_rsp_set
                0x000000000000b918       0x10 zephyr/subsys/bluetooth/controller/libsubsys__bluetooth__controller.a(ull_adv.c.obj)
                0x000000000000b918                ll_adv_scan_rsp_set
 .text.init_reset
                0x000000000000b928       0x70 zephyr/subsys/bluetooth/controller/libsubsys__bluetooth__controller.a(ull_conn.c.obj)
 .text.ticker_stop_op_cb
                0x000000000000b998       0x5c zephyr/subsys/bluetooth/controller/libsubsys__bluetooth__controller.a(ull_conn.c.obj)
 .text.disabled_cb
                0x000000000000b9f4       0x3c zephyr/subsys/bluetooth/controller/libsubsys__bluetooth__controller.a(ull_conn.c.obj)
 .text.conn_disable
                0x000000000000ba30       0x7c zephyr/subsys/bluetooth/controller/libsubsys__bluetooth__controller.a(ull_conn.c.obj)
 .text.conn_setup_adv_scan_disabled_cb
                0x000000000000baac       0x40 zephyr/subsys/bluetooth/controller/libsubsys__bluetooth__controller.a(ull_conn.c.obj)
 .text.ticker_update_conn_op_cb
                0x000000000000baec       0x3c zephyr/subsys/bluetooth/controller/libsubsys__bluetooth__controller.a(ull_conn.c.obj)
 .text.ticker_start_conn_op_cb
                0x000000000000bb28       0x54 zephyr/subsys/bluetooth/controller/libsubsys__bluetooth__controller.a(ull_conn.c.obj)
 .text.ticker_stop_conn_op_cb
                0x000000000000bb7c       0x54 zephyr/subsys/bluetooth/controller/libsubsys__bluetooth__controller.a(ull_conn.c.obj)
 .text.ll_conn_acquire
                0x000000000000bbd0        0xc zephyr/subsys/bluetooth/controller/libsubsys__bluetooth__controller.a(ull_conn.c.obj)
                0x000000000000bbd0                ll_conn_acquire
 .text.ll_conn_release
                0x000000000000bbdc        0xc zephyr/subsys/bluetooth/controller/libsubsys__bluetooth__controller.a(ull_conn.c.obj)
                0x000000000000bbdc                ll_conn_release
 .text.ll_conn_handle_get
                0x000000000000bbe8       0x10 zephyr/subsys/bluetooth/controller/libsubsys__bluetooth__controller.a(ull_conn.c.obj)
                0x000000000000bbe8                ll_conn_handle_get
 .text.tx_lll_flush
                0x000000000000bbf8       0xd0 zephyr/subsys/bluetooth/controller/libsubsys__bluetooth__controller.a(ull_conn.c.obj)
 .text.ll_conn_get
                0x000000000000bcc8       0x10 zephyr/subsys/bluetooth/controller/libsubsys__bluetooth__controller.a(ull_conn.c.obj)
                0x000000000000bcc8                ll_conn_get
 .text.ll_tx_mem_acquire
                0x000000000000bcd8        0xc zephyr/subsys/bluetooth/controller/libsubsys__bluetooth__controller.a(ull_conn.c.obj)
                0x000000000000bcd8                ll_tx_mem_acquire
 .text.ll_tx_mem_release
                0x000000000000bce4        0xc zephyr/subsys/bluetooth/controller/libsubsys__bluetooth__controller.a(ull_conn.c.obj)
                0x000000000000bce4                ll_tx_mem_release
 .text.ll_tx_mem_enqueue
                0x000000000000bcf0       0x70 zephyr/subsys/bluetooth/controller/libsubsys__bluetooth__controller.a(ull_conn.c.obj)
                0x000000000000bcf0                ll_tx_mem_enqueue
 .text.ll_terminate_ind_send
                0x000000000000bd60       0x58 zephyr/subsys/bluetooth/controller/libsubsys__bluetooth__controller.a(ull_conn.c.obj)
                0x000000000000bd60                ll_terminate_ind_send
 .text.ll_length_default_get
                0x000000000000bdb8       0x18 zephyr/subsys/bluetooth/controller/libsubsys__bluetooth__controller.a(ull_conn.c.obj)
                0x000000000000bdb8                ll_length_default_get
 .text.ll_length_default_set
                0x000000000000bdd0       0x14 zephyr/subsys/bluetooth/controller/libsubsys__bluetooth__controller.a(ull_conn.c.obj)
                0x000000000000bdd0                ll_length_default_set
 .text.ll_phy_default_set
                0x000000000000bde4       0x14 zephyr/subsys/bluetooth/controller/libsubsys__bluetooth__controller.a(ull_conn.c.obj)
                0x000000000000bde4                ll_phy_default_set
 .text.ull_conn_reset
                0x000000000000bdf8       0x68 zephyr/subsys/bluetooth/controller/libsubsys__bluetooth__controller.a(ull_conn.c.obj)
                0x000000000000bdf8                ull_conn_reset
 .text.ull_conn_default_phy_tx_get
                0x000000000000be60        0xc zephyr/subsys/bluetooth/controller/libsubsys__bluetooth__controller.a(ull_conn.c.obj)
                0x000000000000be60                ull_conn_default_phy_tx_get
 .text.ull_conn_default_phy_rx_get
                0x000000000000be6c        0xc zephyr/subsys/bluetooth/controller/libsubsys__bluetooth__controller.a(ull_conn.c.obj)
                0x000000000000be6c                ull_conn_default_phy_rx_get
 .text.ull_conn_setup
                0x000000000000be78       0x4c zephyr/subsys/bluetooth/controller/libsubsys__bluetooth__controller.a(ull_conn.c.obj)
                0x000000000000be78                ull_conn_setup
 .text.ull_conn_llcp
                0x000000000000bec4       0x60 zephyr/subsys/bluetooth/controller/libsubsys__bluetooth__controller.a(ull_conn.c.obj)
                0x000000000000bec4                ull_conn_llcp
 .text.ull_conn_tx_demux
                0x000000000000bf24       0x64 zephyr/subsys/bluetooth/controller/libsubsys__bluetooth__controller.a(ull_conn.c.obj)
                0x000000000000bf24                ull_conn_tx_demux
 .text.conn_cleanup
                0x000000000000bf88       0xdc zephyr/subsys/bluetooth/controller/libsubsys__bluetooth__controller.a(ull_conn.c.obj)
 .text.ull_conn_tx_lll_enqueue
                0x000000000000c064       0x68 zephyr/subsys/bluetooth/controller/libsubsys__bluetooth__controller.a(ull_conn.c.obj)
                0x000000000000c064                ull_conn_tx_lll_enqueue
 .text.ull_conn_link_tx_release
                0x000000000000c0cc        0xc zephyr/subsys/bluetooth/controller/libsubsys__bluetooth__controller.a(ull_conn.c.obj)
                0x000000000000c0cc                ull_conn_link_tx_release
 .text.ull_conn_ack_last_idx_get
                0x000000000000c0d8        0xc zephyr/subsys/bluetooth/controller/libsubsys__bluetooth__controller.a(ull_conn.c.obj)
                0x000000000000c0d8                ull_conn_ack_last_idx_get
 .text.ull_conn_ack_peek
                0x000000000000c0e4       0x2c zephyr/subsys/bluetooth/controller/libsubsys__bluetooth__controller.a(ull_conn.c.obj)
                0x000000000000c0e4                ull_conn_ack_peek
 .text.ull_conn_ack_by_last_peek
                0x000000000000c110       0x28 zephyr/subsys/bluetooth/controller/libsubsys__bluetooth__controller.a(ull_conn.c.obj)
                0x000000000000c110                ull_conn_ack_by_last_peek
 .text.ull_conn_ack_dequeue
                0x000000000000c138       0x2c zephyr/subsys/bluetooth/controller/libsubsys__bluetooth__controller.a(ull_conn.c.obj)
                0x000000000000c138                ull_conn_ack_dequeue
 .text.ull_conn_lll_ack_enqueue
                0x000000000000c164       0x58 zephyr/subsys/bluetooth/controller/libsubsys__bluetooth__controller.a(ull_conn.c.obj)
                0x000000000000c164                ull_conn_lll_ack_enqueue
 .text.ull_conn_tx_ack
                0x000000000000c1bc       0x98 zephyr/subsys/bluetooth/controller/libsubsys__bluetooth__controller.a(ull_conn.c.obj)
                0x000000000000c1bc                ull_conn_tx_ack
 .text.ull_dle_init
                0x000000000000c254       0x6c zephyr/subsys/bluetooth/controller/libsubsys__bluetooth__controller.a(ull_conn.c.obj)
                0x000000000000c254                ull_dle_init
 .text.llcp_rp_enc_tx
                0x000000000000c2c0       0xb8 zephyr/subsys/bluetooth/controller/libsubsys__bluetooth__controller.a(ull_llcp_enc.c.obj)
 .text.rp_enc_send_enc_rsp.constprop.0
                0x000000000000c378       0x84 zephyr/subsys/bluetooth/controller/libsubsys__bluetooth__controller.a(ull_llcp_enc.c.obj)
 .text.rp_enc_execute_fsm
                0x000000000000c3fc      0x220 zephyr/subsys/bluetooth/controller/libsubsys__bluetooth__controller.a(ull_llcp_enc.c.obj)
 .text.pu_ntf   0x000000000000c61c       0x98 zephyr/subsys/bluetooth/controller/libsubsys__bluetooth__controller.a(ull_llcp_phy.c.obj)
 .text.pu_dle_ntf
                0x000000000000c6b4       0x68 zephyr/subsys/bluetooth/controller/libsubsys__bluetooth__controller.a(ull_llcp_phy.c.obj)
 .text.rp_pu_tx.constprop.0
                0x000000000000c71c       0xa8 zephyr/subsys/bluetooth/controller/libsubsys__bluetooth__controller.a(ull_llcp_phy.c.obj)
 .text.lp_pu_tx.constprop.0
                0x000000000000c7c4       0xf4 zephyr/subsys/bluetooth/controller/libsubsys__bluetooth__controller.a(ull_llcp_phy.c.obj)
 .text.rp_pu_execute_fsm
                0x000000000000c8b8      0x208 zephyr/subsys/bluetooth/controller/libsubsys__bluetooth__controller.a(ull_llcp_phy.c.obj)
 .text.lp_pu_execute_fsm
                0x000000000000cac0      0x268 zephyr/subsys/bluetooth/controller/libsubsys__bluetooth__controller.a(ull_llcp_phy.c.obj)
 .text.llcp_proc_ctx_release
                0x000000000000cd28       0x34 zephyr/subsys/bluetooth/controller/libsubsys__bluetooth__controller.a(ull_llcp.c.obj)
                0x000000000000cd28                llcp_proc_ctx_release
 .text.llcp_tx_alloc_peek
                0x000000000000cd5c       0x10 zephyr/subsys/bluetooth/controller/libsubsys__bluetooth__controller.a(ull_llcp.c.obj)
                0x000000000000cd5c                llcp_tx_alloc_peek
 .text.llcp_tx_alloc
                0x000000000000cd6c       0x18 zephyr/subsys/bluetooth/controller/libsubsys__bluetooth__controller.a(ull_llcp.c.obj)
                0x000000000000cd6c                llcp_tx_alloc
 .text.llcp_rx_node_retain
                0x000000000000cd84       0x40 zephyr/subsys/bluetooth/controller/libsubsys__bluetooth__controller.a(ull_llcp.c.obj)
                0x000000000000cd84                llcp_rx_node_retain
 .text.llcp_rx_node_release
                0x000000000000cdc4       0x44 zephyr/subsys/bluetooth/controller/libsubsys__bluetooth__controller.a(ull_llcp.c.obj)
                0x000000000000cdc4                llcp_rx_node_release
 .text.llcp_create_local_procedure
                0x000000000000ce08        0xc zephyr/subsys/bluetooth/controller/libsubsys__bluetooth__controller.a(ull_llcp.c.obj)
                0x000000000000ce08                llcp_create_local_procedure
 .text.llcp_create_remote_procedure
                0x000000000000ce14        0xc zephyr/subsys/bluetooth/controller/libsubsys__bluetooth__controller.a(ull_llcp.c.obj)
                0x000000000000ce14                llcp_create_remote_procedure
 .text.ull_cp_init
                0x000000000000ce20       0x38 zephyr/subsys/bluetooth/controller/libsubsys__bluetooth__controller.a(ull_llcp.c.obj)
                0x000000000000ce20                ull_cp_init
 .text.ull_cp_release_tx
                0x000000000000ce58        0xc zephyr/subsys/bluetooth/controller/libsubsys__bluetooth__controller.a(ull_llcp.c.obj)
                0x000000000000ce58                ull_cp_release_tx
 .text.ull_cp_prt_elapse
                0x000000000000ce64       0x6c zephyr/subsys/bluetooth/controller/libsubsys__bluetooth__controller.a(ull_llcp.c.obj)
                0x000000000000ce64                ull_cp_prt_elapse
 .text.ull_cp_prt_reload_set
                0x000000000000ced0       0x14 zephyr/subsys/bluetooth/controller/libsubsys__bluetooth__controller.a(ull_llcp.c.obj)
                0x000000000000ced0                ull_cp_prt_reload_set
 .text.ull_cp_release_nodes
                0x000000000000cee4       0x38 zephyr/subsys/bluetooth/controller/libsubsys__bluetooth__controller.a(ull_llcp.c.obj)
                0x000000000000cee4                ull_cp_release_nodes
 .text.ull_cp_conn_update
                0x000000000000cf1c       0xe0 zephyr/subsys/bluetooth/controller/libsubsys__bluetooth__controller.a(ull_llcp.c.obj)
                0x000000000000cf1c                ull_cp_conn_update
 .text.ull_cp_rx
                0x000000000000cffc      0x190 zephyr/subsys/bluetooth/controller/libsubsys__bluetooth__controller.a(ull_llcp.c.obj)
                0x000000000000cffc                ull_cp_rx
 .text.lp_comm_tx
                0x000000000000d18c       0xe4 zephyr/subsys/bluetooth/controller/libsubsys__bluetooth__controller.a(ull_llcp_common.c.obj)
 .text.rp_comm_tx_proxy
                0x000000000000d270       0xdc zephyr/subsys/bluetooth/controller/libsubsys__bluetooth__controller.a(ull_llcp_common.c.obj)
 .text.rp_comm_send_rsp.constprop.0
                0x000000000000d34c       0x88 zephyr/subsys/bluetooth/controller/libsubsys__bluetooth__controller.a(ull_llcp_common.c.obj)
 .text.lp_comm_ntf
                0x000000000000d3d4       0xc4 zephyr/subsys/bluetooth/controller/libsubsys__bluetooth__controller.a(ull_llcp_common.c.obj)
 .text.lp_comm_complete.constprop.0
                0x000000000000d498       0xf4 zephyr/subsys/bluetooth/controller/libsubsys__bluetooth__controller.a(ull_llcp_common.c.obj)
 .text.lp_comm_send_req.constprop.0.isra.0
                0x000000000000d58c       0xd0 zephyr/subsys/bluetooth/controller/libsubsys__bluetooth__controller.a(ull_llcp_common.c.obj)
 .text.rp_comm_execute_fsm
                0x000000000000d65c      0x1c0 zephyr/subsys/bluetooth/controller/libsubsys__bluetooth__controller.a(ull_llcp_common.c.obj)
 .text.lp_comm_execute_fsm
                0x000000000000d81c      0x158 zephyr/subsys/bluetooth/controller/libsubsys__bluetooth__controller.a(ull_llcp_common.c.obj)
 .text.llcp_lr_check_done
                0x000000000000d974       0x6c zephyr/subsys/bluetooth/controller/libsubsys__bluetooth__controller.a(ull_llcp_local.c.obj)
                0x000000000000d974                llcp_lr_check_done
 .text.lr_act_run
                0x000000000000d9e0       0x78 zephyr/subsys/bluetooth/controller/libsubsys__bluetooth__controller.a(ull_llcp_local.c.obj)
 .text.lr_act_complete
                0x000000000000da58       0x3c zephyr/subsys/bluetooth/controller/libsubsys__bluetooth__controller.a(ull_llcp_local.c.obj)
 .text.lr_execute_fsm.constprop.0
                0x000000000000da94       0x84 zephyr/subsys/bluetooth/controller/libsubsys__bluetooth__controller.a(ull_llcp_local.c.obj)
 .text.llcp_lr_rx
                0x000000000000db18       0x7c zephyr/subsys/bluetooth/controller/libsubsys__bluetooth__controller.a(ull_llcp_local.c.obj)
                0x000000000000db18                llcp_lr_rx
 .text.feature_filter
                0x000000000000db94       0x18 zephyr/subsys/bluetooth/controller/libsubsys__bluetooth__controller.a(ull_llcp_pdu.c.obj)
 .text.cu_ntf   0x000000000000dbac       0x70 zephyr/subsys/bluetooth/controller/libsubsys__bluetooth__controller.a(ull_llcp_conn_upd.c.obj)
 .text.rp_cu_conn_param_req_ntf
                0x000000000000dc1c       0x58 zephyr/subsys/bluetooth/controller/libsubsys__bluetooth__controller.a(ull_llcp_conn_upd.c.obj)
 .text.lp_cu_complete
                0x000000000000dc74       0x3c zephyr/subsys/bluetooth/controller/libsubsys__bluetooth__controller.a(ull_llcp_conn_upd.c.obj)
 .text.rp_cu_tx
                0x000000000000dcb0       0xb4 zephyr/subsys/bluetooth/controller/libsubsys__bluetooth__controller.a(ull_llcp_conn_upd.c.obj)
 .text.rp_cu_send_conn_update_ind_finalize.constprop.0
                0x000000000000dd64       0x8c zephyr/subsys/bluetooth/controller/libsubsys__bluetooth__controller.a(ull_llcp_conn_upd.c.obj)
 .text.lp_cu_send_conn_param_req.constprop.0
                0x000000000000ddf0       0xec zephyr/subsys/bluetooth/controller/libsubsys__bluetooth__controller.a(ull_llcp_conn_upd.c.obj)
 .text.rp_cu_complete
                0x000000000000dedc       0x28 zephyr/subsys/bluetooth/controller/libsubsys__bluetooth__controller.a(ull_llcp_conn_upd.c.obj)
 .text.rp_cu_st_wait_conn_param_req_available.part.0.isra.0
                0x000000000000df04       0x84 zephyr/subsys/bluetooth/controller/libsubsys__bluetooth__controller.a(ull_llcp_conn_upd.c.obj)
 .text.rp_cu_execute_fsm
                0x000000000000df88      0x214 zephyr/subsys/bluetooth/controller/libsubsys__bluetooth__controller.a(ull_llcp_conn_upd.c.obj)
 .text.lp_cu_execute_fsm
                0x000000000000e19c      0x1b0 zephyr/subsys/bluetooth/controller/libsubsys__bluetooth__controller.a(ull_llcp_conn_upd.c.obj)
 .text.llcp_rp_chmu_rx
                0x000000000000e34c       0x7c zephyr/subsys/bluetooth/controller/libsubsys__bluetooth__controller.a(ull_llcp_chmu.c.obj)
                0x000000000000e34c                llcp_rp_chmu_rx
 .text.llcp_rp_chmu_run
                0x000000000000e3c8       0x60 zephyr/subsys/bluetooth/controller/libsubsys__bluetooth__controller.a(ull_llcp_chmu.c.obj)
                0x000000000000e3c8                llcp_rp_chmu_run
 .text.rr_act_unsupported
                0x000000000000e428       0x8c zephyr/subsys/bluetooth/controller/libsubsys__bluetooth__controller.a(ull_llcp_remote.c.obj)
 .text.rr_act_reject
                0x000000000000e4b4       0xcc zephyr/subsys/bluetooth/controller/libsubsys__bluetooth__controller.a(ull_llcp_remote.c.obj)
 .text.llcp_rr_check_done
                0x000000000000e580       0x6c zephyr/subsys/bluetooth/controller/libsubsys__bluetooth__controller.a(ull_llcp_remote.c.obj)
                0x000000000000e580                llcp_rr_check_done
 .text.rr_act_run
                0x000000000000e5ec       0x84 zephyr/subsys/bluetooth/controller/libsubsys__bluetooth__controller.a(ull_llcp_remote.c.obj)
 .text.rr_st_active.constprop.0
                0x000000000000e670       0x68 zephyr/subsys/bluetooth/controller/libsubsys__bluetooth__controller.a(ull_llcp_remote.c.obj)
 .text.rr_execute_fsm
                0x000000000000e6d8      0x144 zephyr/subsys/bluetooth/controller/libsubsys__bluetooth__controller.a(ull_llcp_remote.c.obj)
 .text.llcp_rr_rx
                0x000000000000e81c       0x8c zephyr/subsys/bluetooth/controller/libsubsys__bluetooth__controller.a(ull_llcp_remote.c.obj)
                0x000000000000e81c                llcp_rr_rx
 .text.llcp_rr_new
                0x000000000000e8a8       0x90 zephyr/subsys/bluetooth/controller/libsubsys__bluetooth__controller.a(ull_llcp_remote.c.obj)
                0x000000000000e8a8                llcp_rr_new
 .text.ticker_update_latency_cancel_op_cb
                0x000000000000e938       0x38 zephyr/subsys/bluetooth/controller/libsubsys__bluetooth__controller.a(ull_peripheral.c.obj)
 .text.ticker_op_cb
                0x000000000000e970       0x2c zephyr/subsys/bluetooth/controller/libsubsys__bluetooth__controller.a(ull_peripheral.c.obj)
 .text.ticker_op_stop_adv_cb
                0x000000000000e99c       0x38 zephyr/subsys/bluetooth/controller/libsubsys__bluetooth__controller.a(ull_peripheral.c.obj)
 .text.ull_periph_ticker_cb
                0x000000000000e9d4       0xb0 zephyr/subsys/bluetooth/controller/libsubsys__bluetooth__controller.a(ull_peripheral.c.obj)
                0x000000000000e9d4                ull_periph_ticker_cb
 .text.ull_periph_latency_cancel
                0x000000000000ea84       0x6c zephyr/subsys/bluetooth/controller/libsubsys__bluetooth__controller.a(ull_peripheral.c.obj)
                0x000000000000ea84                ull_periph_latency_cancel
 .text.ull_chan_reset
                0x000000000000eaf0       0x20 zephyr/subsys/bluetooth/controller/libsubsys__bluetooth__controller.a(ull_chan.c.obj)
                0x000000000000eaf0                ull_chan_reset
 .text.lll_chan_sel_2
                0x000000000000eb10       0xac zephyr/subsys/bluetooth/controller/libsubsys__bluetooth__controller.a(lll_chan.c.obj)
                0x000000000000eb10                lll_chan_sel_2
 .text.rtc0_nrf5_isr
                0x000000000000ebbc       0x2c zephyr/subsys/bluetooth/controller/ll_sw/nordic/libsubsys__bluetooth__controller__ll_sw__nordic.a(lll.c.obj)
 .text.ticker_start_op_cb
                0x000000000000ebe8       0x94 zephyr/subsys/bluetooth/controller/ll_sw/nordic/libsubsys__bluetooth__controller__ll_sw__nordic.a(lll.c.obj)
 .text.ticker_stop_op_cb
                0x000000000000ec7c       0x78 zephyr/subsys/bluetooth/controller/ll_sw/nordic/libsubsys__bluetooth__controller__ll_sw__nordic.a(lll.c.obj)
 .text.preempt_ticker_cb
                0x000000000000ecf4       0x74 zephyr/subsys/bluetooth/controller/ll_sw/nordic/libsubsys__bluetooth__controller__ll_sw__nordic.a(lll.c.obj)
 .text.preempt_ticker_start
                0x000000000000ed68      0x174 zephyr/subsys/bluetooth/controller/ll_sw/nordic/libsubsys__bluetooth__controller__ll_sw__nordic.a(lll.c.obj)
 .text.preempt  0x000000000000eedc      0x19c zephyr/subsys/bluetooth/controller/ll_sw/nordic/libsubsys__bluetooth__controller__ll_sw__nordic.a(lll.c.obj)
 .text.lll_init
                0x000000000000f078       0x60 zephyr/subsys/bluetooth/controller/ll_sw/nordic/libsubsys__bluetooth__controller__ll_sw__nordic.a(lll.c.obj)
                0x000000000000f078                lll_init
 .text.lll_csrand_get
                0x000000000000f0d8       0x38 zephyr/subsys/bluetooth/controller/ll_sw/nordic/libsubsys__bluetooth__controller__ll_sw__nordic.a(lll.c.obj)
                0x000000000000f0d8                lll_csrand_get
 .text.lll_csrand_isr_get
                0x000000000000f110       0x24 zephyr/subsys/bluetooth/controller/ll_sw/nordic/libsubsys__bluetooth__controller__ll_sw__nordic.a(lll.c.obj)
                0x000000000000f110                lll_csrand_isr_get
 .text.lll_disable
                0x000000000000f134       0x7c zephyr/subsys/bluetooth/controller/ll_sw/nordic/libsubsys__bluetooth__controller__ll_sw__nordic.a(lll.c.obj)
                0x000000000000f134                lll_disable
 .text.lll_done
                0x000000000000f1b0       0x90 zephyr/subsys/bluetooth/controller/ll_sw/nordic/libsubsys__bluetooth__controller__ll_sw__nordic.a(lll.c.obj)
                0x000000000000f1b0                lll_done
 .text.lll_chan_set
                0x000000000000f240       0x60 zephyr/subsys/bluetooth/controller/ll_sw/nordic/libsubsys__bluetooth__controller__ll_sw__nordic.a(lll.c.obj)
                0x000000000000f240                lll_chan_set
 .text.lll_isr_cleanup
                0x000000000000f2a0       0x58 zephyr/subsys/bluetooth/controller/ll_sw/nordic/libsubsys__bluetooth__controller__ll_sw__nordic.a(lll.c.obj)
                0x000000000000f2a0                lll_isr_cleanup
 .text.lll_isr_early_abort
                0x000000000000f2f8       0x50 zephyr/subsys/bluetooth/controller/ll_sw/nordic/libsubsys__bluetooth__controller__ll_sw__nordic.a(lll.c.obj)
                0x000000000000f2f8                lll_isr_early_abort
 .text.lll_prepare_resolve
                0x000000000000f348      0x160 zephyr/subsys/bluetooth/controller/ll_sw/nordic/libsubsys__bluetooth__controller__ll_sw__nordic.a(lll.c.obj)
                0x000000000000f348                lll_prepare_resolve
 .text.blocking_on
                0x000000000000f4a8       0x54 zephyr/subsys/bluetooth/controller/ll_sw/nordic/libsubsys__bluetooth__controller__ll_sw__nordic.a(lll_clock.c.obj)
 .text.lll_clock_init
                0x000000000000f4fc       0x20 zephyr/subsys/bluetooth/controller/ll_sw/nordic/libsubsys__bluetooth__controller__ll_sw__nordic.a(lll_clock.c.obj)
                0x000000000000f4fc                lll_clock_init
 .text.lll_clock_wait
                0x000000000000f51c       0x38 zephyr/subsys/bluetooth/controller/ll_sw/nordic/libsubsys__bluetooth__controller__ll_sw__nordic.a(lll_clock.c.obj)
                0x000000000000f51c                lll_clock_wait
 .text.lll_hfclock_on
                0x000000000000f554       0x2c zephyr/subsys/bluetooth/controller/ll_sw/nordic/libsubsys__bluetooth__controller__ll_sw__nordic.a(lll_clock.c.obj)
                0x000000000000f554                lll_hfclock_on
 .text.lll_hfclock_off
                0x000000000000f580       0x38 zephyr/subsys/bluetooth/controller/ll_sw/nordic/libsubsys__bluetooth__controller__ll_sw__nordic.a(lll_clock.c.obj)
                0x000000000000f580                lll_hfclock_off
 .text.lll_clock_ppm_get
                0x000000000000f5b8        0xc zephyr/subsys/bluetooth/controller/ll_sw/nordic/libsubsys__bluetooth__controller__ll_sw__nordic.a(lll_clock.c.obj)
                0x000000000000f5b8                lll_clock_ppm_get
 .text.isr_tx   0x000000000000f5c4       0xa8 zephyr/subsys/bluetooth/controller/ll_sw/nordic/libsubsys__bluetooth__controller__ll_sw__nordic.a(lll_adv.c.obj)
 .text.is_abort_cb
                0x000000000000f66c       0x68 zephyr/subsys/bluetooth/controller/ll_sw/nordic/libsubsys__bluetooth__controller__ll_sw__nordic.a(lll_adv.c.obj)
 .text.isr_abort_all
                0x000000000000f6d4       0x4c zephyr/subsys/bluetooth/controller/ll_sw/nordic/libsubsys__bluetooth__controller__ll_sw__nordic.a(lll_adv.c.obj)
 .text.abort_cb
                0x000000000000f720       0x50 zephyr/subsys/bluetooth/controller/ll_sw/nordic/libsubsys__bluetooth__controller__ll_sw__nordic.a(lll_adv.c.obj)
 .text.init_reset
                0x000000000000f770       0x30 zephyr/subsys/bluetooth/controller/ll_sw/nordic/libsubsys__bluetooth__controller__ll_sw__nordic.a(lll_adv.c.obj)
 .text.lll_adv_data_init
                0x000000000000f7a0       0x20 zephyr/subsys/bluetooth/controller/ll_sw/nordic/libsubsys__bluetooth__controller__ll_sw__nordic.a(lll_adv.c.obj)
                0x000000000000f7a0                lll_adv_data_init
 .text.lll_adv_pdu_alloc_pdu_adv
                0x000000000000f7c0       0xbc zephyr/subsys/bluetooth/controller/ll_sw/nordic/libsubsys__bluetooth__controller__ll_sw__nordic.a(lll_adv.c.obj)
                0x000000000000f7c0                lll_adv_pdu_alloc_pdu_adv
 .text.lll_adv_pdu_latest_get
                0x000000000000f87c       0x5c zephyr/subsys/bluetooth/controller/ll_sw/nordic/libsubsys__bluetooth__controller__ll_sw__nordic.a(lll_adv.c.obj)
                0x000000000000f87c                lll_adv_pdu_latest_get
 .text.chan_prepare.isra.0
                0x000000000000f8d8       0xf8 zephyr/subsys/bluetooth/controller/ll_sw/nordic/libsubsys__bluetooth__controller__ll_sw__nordic.a(lll_adv.c.obj)
 .text.prepare_cb
                0x000000000000f9d0      0x104 zephyr/subsys/bluetooth/controller/ll_sw/nordic/libsubsys__bluetooth__controller__ll_sw__nordic.a(lll_adv.c.obj)
 .text.lll_adv_prepare
                0x000000000000fad4       0x70 zephyr/subsys/bluetooth/controller/ll_sw/nordic/libsubsys__bluetooth__controller__ll_sw__nordic.a(lll_adv.c.obj)
                0x000000000000fad4                lll_adv_prepare
 .text.isr_rx   0x000000000000fb44      0x1c8 zephyr/subsys/bluetooth/controller/ll_sw/nordic/libsubsys__bluetooth__controller__ll_sw__nordic.a(lll_adv.c.obj)
 .text.isr_done
                0x000000000000fd0c       0xa4 zephyr/subsys/bluetooth/controller/ll_sw/nordic/libsubsys__bluetooth__controller__ll_sw__nordic.a(lll_conn.c.obj)
 .text.lll_conn_prepare_reset